Component: ARM Compiler 5.06 update 7 (build 960) Tool: armlink [4d3601]

==============================================================================

Section Cross References

    startup_stm32f401xc.o(STACK) refers (Special) to heapauxi.o(.text) for __use_two_region_memory
    startup_stm32f401xc.o(HEAP) refers (Special) to heapauxi.o(.text) for __use_two_region_memory
    startup_stm32f401xc.o(RESET) refers (Special) to heapauxi.o(.text) for __use_two_region_memory
    startup_stm32f401xc.o(RESET) refers to startup_stm32f401xc.o(STACK) for __initial_sp
    startup_stm32f401xc.o(RESET) refers to startup_stm32f401xc.o(.text) for Reset_Handler
    startup_stm32f401xc.o(RESET) refers to stm32f4xx_it.o(i.NMI_Handler) for NMI_Handler
    startup_stm32f401xc.o(RESET) refers to stm32f4xx_it.o(i.HardFault_Handler) for HardFault_Handler
    startup_stm32f401xc.o(RESET) refers to stm32f4xx_it.o(i.MemManage_Handler) for MemManage_Handler
    startup_stm32f401xc.o(RESET) refers to stm32f4xx_it.o(i.BusFault_Handler) for BusFault_Handler
    startup_stm32f401xc.o(RESET) refers to stm32f4xx_it.o(i.UsageFault_Handler) for UsageFault_Handler
    startup_stm32f401xc.o(RESET) refers to port.o(.emb_text) for SVC_Handler
    startup_stm32f401xc.o(RESET) refers to stm32f4xx_it.o(i.DebugMon_Handler) for DebugMon_Handler
    startup_stm32f401xc.o(RESET) refers to stm32f4xx_it.o(i.SysTick_Handler) for SysTick_Handler
    startup_stm32f401xc.o(RESET) refers to stm32f4xx_it.o(i.DMA1_Stream1_IRQHandler) for DMA1_Stream1_IRQHandler
    startup_stm32f401xc.o(RESET) refers to stm32f4xx_it.o(i.DMA1_Stream6_IRQHandler) for DMA1_Stream6_IRQHandler
    startup_stm32f401xc.o(.text) refers (Special) to heapauxi.o(.text) for __use_two_region_memory
    startup_stm32f401xc.o(.text) refers to system_stm32f4xx.o(i.SystemInit) for SystemInit
    startup_stm32f401xc.o(.text) refers to __main.o(!!!main) for __main
    startup_stm32f401xc.o(.text) refers to startup_stm32f401xc.o(HEAP) for Heap_Mem
    startup_stm32f401xc.o(.text) refers to startup_stm32f401xc.o(STACK) for Stack_Mem
    argb.o(i.ARGB_Clear) refers to argb.o(i.ARGB_FillRGB) for ARGB_FillRGB
    argb.o(i.ARGB_FillRGB) refers to argb.o(i.ARGB_SetRGB) for ARGB_SetRGB
    argb.o(i.ARGB_Init) refers to stm32f4xx_hal_rcc.o(i.HAL_RCC_GetPCLK1Freq) for HAL_RCC_GetPCLK1Freq
    argb.o(i.ARGB_Init) refers to dflt_clz.o(x$fpl$dfltu) for __aeabi_ui2d
    argb.o(i.ARGB_Init) refers to dmul.o(x$fpl$dmul) for __aeabi_dmul
    argb.o(i.ARGB_Init) refers to dfixu.o(x$fpl$dfixu) for __aeabi_d2uiz
    argb.o(i.ARGB_Init) refers to stm32f4xx_hal_tim.o(i.TIM_CCxChannelCmd) for TIM_CCxChannelCmd
    argb.o(i.ARGB_Init) refers to stm32f4xx_hal.o(i.HAL_Delay) for HAL_Delay
    argb.o(i.ARGB_Init) refers to stm32f4xx_hal_rcc.o(i.HAL_RCC_GetPCLK2Freq) for HAL_RCC_GetPCLK2Freq
    argb.o(i.ARGB_Show) refers to stm32f4xx_hal_dma.o(i.HAL_DMA_Start_IT) for HAL_DMA_Start_IT
    argb.o(i.ARGB_Show) refers to argb.o(i.ARGB_TIM_DMADelayPulseCplt) for ARGB_TIM_DMADelayPulseCplt
    argb.o(i.ARGB_Show) refers to argb.o(i.ARGB_TIM_DMADelayPulseHalfCplt) for ARGB_TIM_DMADelayPulseHalfCplt
    argb.o(i.ARGB_Show) refers to stm32f4xx_hal_tim.o(i.TIM_DMAError) for TIM_DMAError
    argb.o(i.ARGB_TIM_DMADelayPulseCplt) refers to rt_memclr_w.o(.text) for __aeabi_memclr4
    argb.o(i.ARGB_TIM_DMADelayPulseCplt) refers to stm32f4xx_hal_dma.o(i.HAL_DMA_Abort_IT) for HAL_DMA_Abort_IT
    argb.o(i.ARGB_TIM_DMADelayPulseHalfCplt) refers to rt_memclr_w.o(.text) for __aeabi_memclr4
    main.o(i.MX_TIM2_Init) refers to rt_memclr_w.o(.text) for __aeabi_memclr4
    main.o(i.MX_TIM2_Init) refers to stm32f4xx_hal_tim.o(i.HAL_TIM_PWM_Init) for HAL_TIM_PWM_Init
    main.o(i.MX_TIM2_Init) refers to stm32f4xx_hal_tim_ex.o(i.HAL_TIMEx_MasterConfigSynchronization) for HAL_TIMEx_MasterConfigSynchronization
    main.o(i.MX_TIM2_Init) refers to stm32f4xx_hal_tim.o(i.HAL_TIM_PWM_ConfigChannel) for HAL_TIM_PWM_ConfigChannel
    main.o(i.MX_TIM2_Init) refers to stm32f4xx_hal_msp.o(i.HAL_TIM_MspPostInit) for HAL_TIM_MspPostInit
    main.o(i.MX_TIM2_Init) refers to main.o(.bss) for .bss
    main.o(i.StartDefaultTask) refers to h1_alloc.o(.text) for malloc
    main.o(i.StartDefaultTask) refers to argb.o(i.ARGB_Init) for ARGB_Init
    main.o(i.StartDefaultTask) refers to argb.o(i.ARGB_SetBrightness) for ARGB_SetBrightness
    main.o(i.StartDefaultTask) refers to argb.o(i.ARGB_Clear) for ARGB_Clear
    main.o(i.StartDefaultTask) refers to argb.o(i.ARGB_Show) for ARGB_Show
    main.o(i.StartDefaultTask) refers to argb.o(i.ARGB_FillRGB) for ARGB_FillRGB
    main.o(i.StartDefaultTask) refers to stm32f4xx_hal.o(i.HAL_Delay) for HAL_Delay
    main.o(i.StartDefaultTask) refers to cmsis_os.o(i.osDelay) for osDelay
    main.o(i.StartDefaultTask) refers to main.o(.bss) for .bss
    main.o(i.StartTask02) refers to h1_alloc.o(.text) for malloc
    main.o(i.StartTask02) refers to argb.o(i.ARGB_Init) for ARGB_Init
[...]
    ../clib/libinit.s                        0x00000000   Number         0  libshutdown.o ABSOLUTE
    ../clib/libinit.s                        0x00000000   Number         0  libshutdown2.o ABSOLUTE
    ../clib/longlong.s                       0x00000000   Number         0  lludivv7m.o ABSOLUTE
    ../clib/memcpset.s                       0x00000000   Number         0  rt_memclr_w.o ABSOLUTE
    ../clib/memcpset.s                       0x00000000   Number         0  rt_memcpy_v6.o ABSOLUTE
    ../clib/memcpset.s                       0x00000000   Number         0  memset.o ABSOLUTE
    ../clib/memcpset.s                       0x00000000   Number         0  rt_memcpy_w.o ABSOLUTE
    ../clib/memcpset.s                       0x00000000   Number         0  rt_memclr.o ABSOLUTE
    ../clib/signal.c                         0x00000000   Number         0  defsig_fpe_formal.o ABSOLUTE
    ../clib/signal.c                         0x00000000   Number         0  defsig_stak_inner.o ABSOLUTE
    ../clib/signal.c                         0x00000000   Number         0  defsig_rtred_inner.o ABSOLUTE
    ../clib/signal.c                         0x00000000   Number         0  defsig_rtmem_inner.o ABSOLUTE
    ../clib/signal.c                         0x00000000   Number         0  defsig_fpe_outer.o ABSOLUTE
    ../clib/signal.c                         0x00000000   Number         0  defsig_abrt_inner.o ABSOLUTE
    ../clib/signal.c                         0x00000000   Number         0  defsig_exit.o ABSOLUTE
    ../clib/signal.c                         0x00000000   Number         0  defsig_other.o ABSOLUTE
    ../clib/signal.c                         0x00000000   Number         0  defsig_segv_inner.o ABSOLUTE
    ../clib/signal.c                         0x00000000   Number         0  defsig_cppl_inner.o ABSOLUTE
    ../clib/signal.c                         0x00000000   Number         0  defsig_rtmem_formal.o ABSOLUTE
    ../clib/signal.c                         0x00000000   Number         0  defsig_rtmem_outer.o ABSOLUTE
    ../clib/signal.c                         0x00000000   Number         0  defsig_pvfn_inner.o ABSOLUTE
    ../clib/signal.c                         0x00000000   Number         0  defsig_fpe_inner.o ABSOLUTE
    ../clib/signal.c                         0x00000000   Number         0  defsig_general.o ABSOLUTE
    ../clib/signal.c                         0x00000000   Number         0  __raise.o ABSOLUTE
    ../clib/signal.s                         0x00000000   Number         0  defsig.o ABSOLUTE
    ../clib/stdlib.c                         0x00000000   Number         0  exit.o ABSOLUTE
    ../fplib/dfixu.s                         0x00000000   Number         0  dfixu.o ABSOLUTE
    ../fplib/dflt.s                          0x00000000   Number         0  dflt_clz.o ABSOLUTE
    ../fplib/dmul.s                          0x00000000   Number         0  dmul.o ABSOLUTE
    ../fplib/dnaninf.s                       0x00000000   Number         0  dnaninf.o ABSOLUTE
    ../fplib/dretinf.s                       0x00000000   Number         0  dretinf.o ABSOLUTE
    ../fplib/fpinit.s                        0x00000000   Number         0  fpinit.o ABSOLUTE
    ../fplib/usenofp.s                       0x00000000   Number         0  usenofp.o ABSOLUTE
    ..\Core\Src\ARGB.c                       0x00000000   Number         0  argb.o ABSOLUTE
    ..\Core\Src\freertos.c                   0x00000000   Number         0  freertos.o ABSOLUTE
    ..\Core\Src\main.c                       0x00000000   Number         0  main.o ABSOLUTE
    ..\Core\Src\stm32f4xx_hal_msp.c          0x00000000   Number         0  stm32f4xx_hal_msp.o ABSOLUTE
    ..\Core\Src\stm32f4xx_it.c               0x00000000   Number         0  stm32f4xx_it.o ABSOLUTE
    ..\Core\Src\system_stm32f4xx.c           0x00000000   Number         0  system_stm32f4xx.o ABSOLUTE
    ..\Drivers\STM32F4xx_HAL_Driver\Src\stm32f4xx_hal.c 0x00000000   Number         0  stm32f4xx_hal.o ABSOLUTE
    ..\Drivers\STM32F4xx_HAL_Driver\Src\stm32f4xx_hal_cortex.c 0x00000000   Number         0  stm32f4xx_hal_cortex.o ABSOLUTE
    ..\Drivers\STM32F4xx_HAL_Driver\Src\stm32f4xx_hal_dma.c 0x00000000   Number         0  stm32f4xx_hal_dma.o ABSOLUTE
    ..\Drivers\STM32F4xx_HAL_Driver\Src\stm32f4xx_hal_dma_ex.c 0x00000000   Number         0  stm32f4xx_hal_dma_ex.o ABSOLUTE
    ..\Drivers\STM32F4xx_HAL_Driver\Src\stm32f4xx_hal_exti.c 0x00000000   Number         0  stm32f4xx_hal_exti.o ABSOLUTE
    ..\Drivers\STM32F4xx_HAL_Driver\Src\stm32f4xx_hal_flash.c 0x00000000   Number         0  stm32f4xx_hal_flash.o ABSOLUTE
    ..\Drivers\STM32F4xx_HAL_Driver\Src\stm32f4xx_hal_flash_ex.c 0x00000000   Number         0  stm32f4xx_hal_flash_ex.o ABSOLUTE
    ..\Drivers\STM32F4xx_HAL_Driver\Src\stm32f4xx_hal_flash_ramfunc.c 0x00000000   Number         0  stm32f4xx_hal_flash_ramfunc.o ABSOLUTE
    ..\Drivers\STM32F4xx_HAL_Driver\Src\stm32f4xx_hal_gpio.c 0x00000000   Number         0  stm32f4xx_hal_gpio.o ABSOLUTE
    ..\Drivers\STM32F4xx_HAL_Driver\Src\stm32f4xx_hal_pwr.c 0x00000000   Number         0  stm32f4xx_hal_pwr.o ABSOLUTE
    ..\Drivers\STM32F4xx_HAL_Driver\Src\stm32f4xx_hal_pwr_ex.c 0x00000000   Number         0  stm32f4xx_hal_pwr_ex.o ABSOLUTE
    ..\Drivers\STM32F4xx_HAL_Driver\Src\stm32f4xx_hal_rcc.c 0x00000000   Number         0  stm32f4xx_hal_rcc.o ABSOLUTE
    ..\Drivers\STM32F4xx_HAL_Driver\Src\stm32f4xx_hal_rcc_ex.c 0x00000000   Number         0  stm32f4xx_hal_rcc_ex.o ABSOLUTE
    ..\Drivers\STM32F4xx_HAL_Driver\Src\stm32f4xx_hal_tim.c 0x00000000   Number         0  stm32f4xx_hal_tim.o ABSOLUTE
    ..\Drivers\STM32F4xx_HAL_Driver\Src\stm32f4xx_hal_tim_ex.c 0x00000000   Number         0  stm32f4xx_hal_tim_ex.o ABSOLUTE
    ..\Middlewares\Third_Party\FreeRTOS\Source\CMSIS_RTOS\cmsis_os.c 0x00000000   Number         0  cmsis_os.o ABSOLUTE
    ..\Middlewares\Third_Party\FreeRTOS\Source\portable\RVDS\ARM_CM4F\port.c 0x00000000   Number         0  port.o ABSOLUTE
    ..\\Core\\Src\\ARGB.c                    0x00000000   Number         0  argb.o ABSOLUTE
    dc.s                                     0x00000000   Number         0  dc.o ABSOLUTE
    startup_stm32f401xc.s                    0x00000000   Number         0  startup_stm32f401xc.o ABSOLUTE
    RESET                                    0x08000000   Section      404  startup_stm32f401xc.o(RESET)
    !!!main                                  0x08000194   Section        8  __main.o(!!!main)
    !!!scatter                               0x0800019c   Section       52  __scatter.o(!!!scatter)
    !!handler_copy                           0x080001d0   Section       26  __scatter_copy.o(!!handler_copy)
    !!handler_zi                             0x080001ec   Section       28  __scatter_zi.o(!!handler_zi)
    .ARM.Collect$$libinit$$00000000          0x08000208   Section        2  libinit.o(.ARM.Collect$$libinit$$00000000)
    .ARM.Collect$$libinit$$00000001          0x0800020a   Section        4  libinit2.o(.ARM.Collect$$libinit$$00000001)
    .ARM.Collect$$libinit$$00000004          0x0800020e   Section        0  libinit2.o(.ARM.Collect$$libinit$$00000004)
    .ARM.Collect$$libinit$$00000005          0x0800020e   Section        8  libinit2.o(.ARM.Collect$$libinit$$00000005)
    .ARM.Collect$$libinit$$0000000A          0x08000216   Section        0  libinit2.o(.ARM.Collect$$libinit$$0000000A)
    .ARM.Collect$$libinit$$0000000C          0x08000216   Section        0  libinit2.o(.ARM.Collect$$libinit$$0000000C)
    .ARM.Collect$$libinit$$0000000E          0x08000216   Section        0  libinit2.o(.ARM.Collect$$libinit$$0000000E)
    .ARM.Collect$$libinit$$00000011          0x08000216   Section        0  libinit2.o(.ARM.Collect$$libinit$$00000011)
    .ARM.Collect$$libinit$$00000013          0x08000216   Section        0  libinit2.o(.ARM.Collect$$libinit$$00000013)
    .ARM.Collect$$libinit$$00000015          0x08000216   Section        0  libinit2.o(.ARM.Collect$$libinit$$00000015)
    .ARM.Collect$$libinit$$00000017          0x08000216   Section        0  libinit2.o(.ARM.Collect$$libinit$$00000017)
    .ARM.Collect$$libinit$$00000019          0x08000216   Section        0  libinit2.o(.ARM.Collect$$libinit$$00000019)
    .ARM.Collect$$libinit$$0000001B          0x08000216   Section        0  libinit2.o(.ARM.Collect$$libinit$$0000001B)
    .ARM.Collect$$libinit$$0000001D          0x08000216   Section        0  libinit2.o(.ARM.Collect$$libinit$$0000001D)
    .ARM.Collect$$libinit$$0000001F          0x08000216   Section        0  libinit2.o(.ARM.Collect$$libinit$$0000001F)
    .ARM.Collect$$libinit$$00000021          0x08000216   Section        0  libinit2.o(.ARM.Collect$$libinit$$00000021)
    .ARM.Collect$$libinit$$00000023          0x08000216   Section        0  libinit2.o(.ARM.Collect$$libinit$$00000023)
    .ARM.Collect$$libinit$$00000025          0x08000216   Section        0  libinit2.o(.ARM.Collect$$libinit$$00000025)
    .ARM.Collect$$libinit$$0000002C          0x08000216   Section        0  libinit2.o(.ARM.Collect$$libinit$$0000002C)
    .ARM.Collect$$libinit$$0000002E          0x08000216   Section        0  libinit2.o(.ARM.Collect$$libinit$$0000002E)
    .ARM.Collect$$libinit$$00000030          0x08000216   Section        0  libinit2.o(.ARM.Collect$$libinit$$00000030)
    .ARM.Collect$$libinit$$00000032          0x08000216   Section        0  libinit2.o(.ARM.Collect$$libinit$$00000032)
    .ARM.Collect$$libinit$$00000033          0x08000216   Section        2  libinit2.o(.ARM.Collect$$libinit$$00000033)
    .ARM.Collect$$libshutdown$$00000000      0x08000218   Section        2  libshutdown.o(.ARM.Collect$$libshutdown$$00000000)
    .ARM.Collect$$libshutdown$$00000002      0x0800021a   Section        0  libshutdown2.o(.ARM.Collect$$libshutdown$$00000002)
    .ARM.Collect$$libshutdown$$00000004      0x0800021a   Section        0  libshutdown2.o(.ARM.Collect$$libshutdown$$00000004)
    .ARM.Collect$$libshutdown$$00000006      0x0800021a   Section        0  libshutdown2.o(.ARM.Collect$$libshutdown$$00000006)
    .ARM.Collect$$libshutdown$$00000009      0x0800021a   Section        0  libshutdown2.o(.ARM.Collect$$libshutdown$$00000009)
    .ARM.Collect$$libshutdown$$0000000C      0x0800021a   Section        0  libshutdown2.o(.ARM.Collect$$libshutdown$$0000000C)
    .ARM.Collect$$libshutdown$$0000000E      0x0800021a   Section        0  libshutdown2.o(.ARM.Collect$$libshutdown$$0000000E)
    .ARM.Collect$$libshutdown$$00000011      0x0800021a   Section        0  libshutdown2.o(.ARM.Collect$$libshutdown$$00000011)
    .ARM.Collect$$libshutdown$$00000012      0x0800021a   Section        2  libshutdown2.o(.ARM.Collect$$libshutdown$$00000012)
    .ARM.Collect$$rtentry$$00000000          0x0800021c   Section        0  __rtentry.o(.ARM.Collect$$rtentry$$00000000)
    .ARM.Collect$$rtentry$$00000002          0x0800021c   Section        0  __rtentry2.o(.ARM.Collect$$rtentry$$00000002)
    .ARM.Collect$$rtentry$$00000004          0x0800021c   Section        6  __rtentry4.o(.ARM.Collect$$rtentry$$00000004)
    .ARM.Collect$$rtentry$$00000009          0x08000222   Section        0  __rtentry2.o(.ARM.Collect$$rtentry$$00000009)
    .ARM.Collect$$rtentry$$0000000A          0x08000222   Section        4  __rtentry2.o(.ARM.Collect$$rtentry$$0000000A)
    .ARM.Collect$$rtentry$$0000000C          0x08000226   Section        0  __rtentry2.o(.ARM.Collect$$rtentry$$0000000C)
    .ARM.Collect$$rtentry$$0000000D          0x08000226   Section        8  __rtentry2.o(.ARM.Collect$$rtentry$$0000000D)
    .ARM.Collect$$rtexit$$00000000           0x0800022e   Section        2  rtexit.o(.ARM.Collect$$rtexit$$00000000)
    .ARM.Collect$$rtexit$$00000002           0x08000230   Section        0  rtexit2.o(.ARM.Collect$$rtexit$$00000002)
    .ARM.Collect$$rtexit$$00000003           0x08000230   Section        4  rtexit2.o(.ARM.Collect$$rtexit$$00000003)
    .ARM.Collect$$rtexit$$00000004           0x08000234   Section        6  rtexit2.o(.ARM.Collect$$rtexit$$00000004)
    .emb_text                                0x0800023c   Section      190  port.o(.emb_text)
    $v0                                      0x0800023c   Number         0  port.o(.emb_text)
    .emb_text                                0x080002fc   Section        0  maybetermalloc1.o(.emb_text)
    .text                                    0x080002fc   Section       64  startup_stm32f401xc.o(.text)
    $v0                                      0x080002fc   Number         0  startup_stm32f401xc.o(.text)
    .text                                    0x0800033c   Section        0  h1_alloc.o(.text)
    .text                                    0x0800039a   Section      238  lludivv7m.o(.text)
    .text                                    0x08000488   Section      100  rt_memcpy_w.o(.text)
    .text                                    0x080004ec   Section       78  rt_memclr_w.o(.text)
    .text                                    0x0800053a   Section        0  heapauxi.o(.text)
    .text                                    0x08000540   Section        8  rt_heap_descriptor_intlibspace.o(.text)
    .text                                    0x08000548   Section        0  hguard.o(.text)
    .text                                    0x0800054c   Section        0  init_alloc.o(.text)
    .text                                    0x080005d6   Section        0  h1_init.o(.text)
    .text                                    0x080005e4   Section        0  h1_free.o(.text)
    .text                                    0x08000634   Section        8  libspace.o(.text)
    .text                                    0x0800063c   Section        0  h1_extend.o(.text)
    .text                                    0x08000670   Section        0  defsig_rtmem_outer.o(.text)
    .text                                    0x0800067e   Section        2  use_no_semi.o(.text)
    .text                                    0x08000680   Section       74  sys_stackheap_outer.o(.text)
    .text                                    0x08000680   Section        0  indicate_semi.o(.text)
    .text                                    0x080006ca   Section        0  exit.o(.text)
    .text                                    0x080006dc   Section        0  defsig_exit.o(.text)
    .text                                    0x080006e8   Section        0  defsig_rtmem_inner.o(.text)
    .text                                    0x08000738   Section        0  sys_exit.o(.text)
    .text                                    0x08000744   Section        0  defsig_general.o(.text)
    .text                                    0x08000776   Section        0  sys_wrch.o(.text)
    i.ARGB_Clear                             0x08000784   Section        0  argb.o(i.ARGB_Clear)
    i.ARGB_FillRGB                           0x0800078e   Section        0  argb.o(i.ARGB_FillRGB)
    i.ARGB_Init                              0x080007c4   Section        0  argb.o(i.ARGB_Init)
    i.ARGB_SetBrightness                     0x08000890   Section        0  argb.o(i.ARGB_SetBrightness)
    i.ARGB_SetRGB                            0x08000894   Section        0  argb.o(i.ARGB_SetRGB)
    i.ARGB_Show                              0x080008ec   Section        0  argb.o(i.ARGB_Show)
    i.ARGB_TIM_DMADelayPulseCplt             0x08000b74   Section        0  argb.o(i.ARGB_TIM_DMADelayPulseCplt)
    ARGB_TIM_DMADelayPulseCplt               0x08000b75   Thumb Code   464  argb.o(i.ARGB_TIM_DMADelayPulseCplt)
    i.ARGB_TIM_DMADelayPulseHalfCplt         0x08000d48   Section        0  argb.o(i.ARGB_TIM_DMADelayPulseHalfCplt)
    ARGB_TIM_DMADelayPulseHalfCplt           0x08000d49   Thumb Code   196  argb.o(i.ARGB_TIM_DMADelayPulseHalfCplt)
    i.BusFault_Handler                       0x08000e0c   Section        0  stm32f4xx_it.o(i.BusFault_Handler)
    i.DMA1_Stream1_IRQHandler                0x08000e10   Section        0  stm32f4xx_it.o(i.DMA1_Stream1_IRQHandler)
    i.DMA1_Stream6_IRQHandler                0x08000e1c   Section        0  stm32f4xx_it.o(i.DMA1_Stream6_IRQHandler)
    i.DMA_CalcBaseAndBitshift                0x08000e28   Section        0  stm32f4xx_hal_dma.o(i.DMA_CalcBaseAndBitshift)
    DMA_CalcBaseAndBitshift                  0x08000e29   Thumb Code    34  stm32f4xx_hal_dma.o(i.DMA_CalcBaseAndBitshift)
    i.DMA_CheckFifoParam                     0x08000e50   Section        0  stm32f4xx_hal_dma.o(i.DMA_CheckFifoParam)
    DMA_CheckFifoParam                       0x08000e51   Thumb Code    84  stm32f4xx_hal_dma.o(i.DMA_CheckFifoParam)
    i.DMA_SetConfig                          0x08000ea4   Section        0  stm32f4xx_hal_dma.o(i.DMA_SetConfig)
    DMA_SetConfig                            0x08000ea5   Thumb Code    40  stm32f4xx_hal_dma.o(i.DMA_SetConfig)
    i.DebugMon_Handler                       0x08000ecc   Section        0  stm32f4xx_it.o(i.DebugMon_Handler)
    i.Error_Handler                          0x08000ece   Section        0  main.o(i.Error_Handler)
    i.HAL_DMA_Abort_IT                       0x08000ed2   Section        0  stm32f4xx_hal_dma.o(i.HAL_DMA_Abort_IT)
    i.HAL_DMA_IRQHandler                     0x08000ef8   Section        0  stm32f4xx_hal_dma.o(i.HAL_DMA_IRQHandler)
    i.HAL_DMA_Init                           0x08001098   Section        0  stm32f4xx_hal_dma.o(i.HAL_DMA_Init)
    i.HAL_DMA_Start_IT                       0x0800116c   Section        0  stm32f4xx_hal_dma.o(i.HAL_DMA_Start_IT)
    i.HAL_Delay                              0x080011dc   Section        0  stm32f4xx_hal.o(i.HAL_Delay)
    i.HAL_GPIO_Init                          0x08001200   Section        0  stm32f4xx_hal_gpio.o(i.HAL_GPIO_Init)
    i.HAL_GetTick                            0x080013e0   Section        0  stm32f4xx_hal.o(i.HAL_GetTick)
    i.HAL_IncTick                            0x080013ec   Section        0  stm32f4xx_hal.o(i.HAL_IncTick)
    i.HAL_Init                               0x080013fc   Section        0  stm32f4xx_hal.o(i.HAL_Init)
    i.HAL_InitTick                           0x08001430   Section        0  stm32f4xx_hal.o(i.HAL_InitTick)
    i.HAL_MspInit                            0x08001470   Section        0  stm32f4xx_hal_msp.o(i.HAL_MspInit)
    i.HAL_NVIC_EnableIRQ                     0x080014a8   Section        0  stm32f4xx_hal_cortex.o(i.HAL_NVIC_EnableIRQ)
    i.HAL_NVIC_SetPriority                   0x080014c4   Section        0  stm32f4xx_hal_cortex.o(i.HAL_NVIC_SetPriority)
    i.HAL_NVIC_SetPriorityGrouping           0x08001504   Section        0  stm32f4xx_hal_cortex.o(i.HAL_NVIC_SetPriorityGrouping)
    i.HAL_RCC_ClockConfig                    0x08001528   Section        0  stm32f4xx_hal_rcc.o(i.HAL_RCC_ClockConfig)
    i.HAL_RCC_GetPCLK1Freq                   0x0800165c   Section        0  stm32f4xx_hal_rcc.o(i.HAL_RCC_GetPCLK1Freq)
    i.HAL_RCC_GetPCLK2Freq                   0x0800167c   Section        0  stm32f4xx_hal_rcc.o(i.HAL_RCC_GetPCLK2Freq)
    i.HAL_RCC_GetSysClockFreq                0x0800169c   Section        0  stm32f4xx_hal_rcc.o(i.HAL_RCC_GetSysClockFreq)
    i.HAL_RCC_OscConfig                      0x08001700   Section        0  stm32f4xx_hal_rcc.o(i.HAL_RCC_OscConfig)
    i.HAL_SYSTICK_Config                     0x08001a6c   Section        0  stm32f4xx_hal_cortex.o(i.HAL_SYSTICK_Config)
    i.HAL_TIMEx_MasterConfigSynchronization  0x08001a94   Section        0  stm32f4xx_hal_tim_ex.o(i.HAL_TIMEx_MasterConfigSynchronization)
    i.HAL_TIM_ErrorCallback                  0x08001b10   Section        0  stm32f4xx_hal_tim.o(i.HAL_TIM_ErrorCallback)
    i.HAL_TIM_MspPostInit                    0x08001b14   Section        0  stm32f4xx_hal_msp.o(i.HAL_TIM_MspPostInit)
    i.HAL_TIM_PWM_ConfigChannel              0x08001b64   Section        0  stm32f4xx_hal_tim.o(i.HAL_TIM_PWM_ConfigChannel)
    i.HAL_TIM_PWM_Init                       0x08001c30   Section        0  stm32f4xx_hal_tim.o(i.HAL_TIM_PWM_Init)
    i.HAL_TIM_PWM_MspInit                    0x08001c8c   Section        0  stm32f4xx_hal_msp.o(i.HAL_TIM_PWM_MspInit)
    i.HardFault_Handler                      0x08001d30   Section        0  stm32f4xx_it.o(i.HardFault_Handler)
    i.MX_TIM2_Init                           0x08001d34   Section        0  main.o(i.MX_TIM2_Init)
    MX_TIM2_Init                             0x08001d35   Thumb Code   118  main.o(i.MX_TIM2_Init)
    i.MemManage_Handler                      0x08001db0   Section        0  stm32f4xx_it.o(i.MemManage_Handler)
    i.NMI_Handler                            0x08001db2   Section        0  stm32f4xx_it.o(i.NMI_Handler)
    i.StartDefaultTask                       0x08001db4   Section        0  main.o(i.StartDefaultTask)
    i.StartTask02                            0x08001e68   Section        0  main.o(i.StartTask02)
    i.SysTick_Handler                        0x08001f1c   Section        0  stm32f4xx_it.o(i.SysTick_Handler)
    i.SystemClock_Config                     0x08001f34   Section        0  main.o(i.SystemClock_Config)
    i.SystemInit                             0x08001fc8   Section        0  system_stm32f4xx.o(i.SystemInit)
    i.TIM_Base_SetConfig                     0x08001fd8   Section        0  stm32f4xx_hal_tim.o(i.TIM_Base_SetConfig)
    i.TIM_CCxChannelCmd                      0x0800207c   Section        0  stm32f4xx_hal_tim.o(i.TIM_CCxChannelCmd)
    i.TIM_DMAError                           0x08002096   Section        0  stm32f4xx_hal_tim.o(i.TIM_DMAError)
    i.TIM_OC1_SetConfig                      0x080020ec   Section        0  stm32f4xx_hal_tim.o(i.TIM_OC1_SetConfig)
    TIM_OC1_SetConfig                        0x080020ed   Thumb Code    74  stm32f4xx_hal_tim.o(i.TIM_OC1_SetConfig)
    i.TIM_OC2_SetConfig                      0x0800213c   Section        0  stm32f4xx_hal_tim.o(i.TIM_OC2_SetConfig)
    i.TIM_OC3_SetConfig                      0x08002194   Section        0  stm32f4xx_hal_tim.o(i.TIM_OC3_SetConfig)
    TIM_OC3_SetConfig                        0x08002195   Thumb Code    82  stm32f4xx_hal_tim.o(i.TIM_OC3_SetConfig)
    i.TIM_OC4_SetConfig                      0x080021ec   Section        0  stm32f4xx_hal_tim.o(i.TIM_OC4_SetConfig)
    TIM_OC4_SetConfig                        0x080021ed   Thumb Code    64  stm32f4xx_hal_tim.o(i.TIM_OC4_SetConfig)
    i.UsageFault_Handler                     0x08002230   Section        0  stm32f4xx_it.o(i.UsageFault_Handler)
    i.__NVIC_SetPriority                     0x08002232   Section        0  stm32f4xx_hal_cortex.o(i.__NVIC_SetPriority)
    __NVIC_SetPriority                       0x08002233   Thumb Code    32  stm32f4xx_hal_cortex.o(i.__NVIC_SetPriority)
    i.main                                   0x08002254   Section        0  main.o(i.main)
    i.makeFreeRtosPriority                   0x08002304   Section        0  cmsis_os.o(i.makeFreeRtosPriority)
    makeFreeRtosPriority                     0x08002305   Thumb Code    12  cmsis_os.o(i.makeFreeRtosPriority)
    i.osDelay                                0x08002310   Section        0  cmsis_os.o(i.osDelay)
    i.osKernelStart                          0x0800231e   Section        0  cmsis_os.o(i.osKernelStart)
    i.osThreadCreate                         0x08002328   Section        0  cmsis_os.o(i.osThreadCreate)
    i.prvAddCurrentTaskToDelayedList         0x0800237c   Section        0  tasks.o(i.prvAddCurrentTaskToDelayedList)
    prvAddCurrentTaskToDelayedList           0x0800237d   Thumb Code   102  tasks.o(i.prvAddCurrentTaskToDelayedList)
    i.prvAddNewTaskToReadyList               0x080023ec   Section        0  tasks.o(i.prvAddNewTaskToReadyList)
    prvAddNewTaskToReadyList                 0x080023ed   Thumb Code   194  tasks.o(i.prvAddNewTaskToReadyList)
    i.prvDeleteTCB                           0x080024bc   Section        0  tasks.o(i.prvDeleteTCB)
    prvDeleteTCB                             0x080024bd   Thumb Code    52  tasks.o(i.prvDeleteTCB)
    i.prvHeapInit                            0x080024f0   Section        0  heap_4.o(i.prvHeapInit)
    prvHeapInit                              0x080024f1   Thumb Code    66  heap_4.o(i.prvHeapInit)
    i.prvIdleTask                            0x0800253c   Section        0  tasks.o(i.prvIdleTask)
    prvIdleTask                              0x0800253d   Thumb Code    82  tasks.o(i.prvIdleTask)
    i.prvInitialiseNewTask                   0x0800259c   Section        0  tasks.o(i.prvInitialiseNewTask)
    prvInitialiseNewTask                     0x0800259d   Thumb Code   152  tasks.o(i.prvInitialiseNewTask)
    i.prvInsertBlockIntoFreeList             0x08002634   Section        0  heap_4.o(i.prvInsertBlockIntoFreeList)
    prvInsertBlockIntoFreeList               0x08002635   Thumb Code    72  heap_4.o(i.prvInsertBlockIntoFreeList)
    i.prvResetNextTaskUnblockTime            0x08002680   Section        0  tasks.o(i.prvResetNextTaskUnblockTime)
    prvResetNextTaskUnblockTime              0x08002681   Thumb Code    26  tasks.o(i.prvResetNextTaskUnblockTime)
    i.prvTaskExitError                       0x080026a0   Section        0  port.o(i.prvTaskExitError)
    prvTaskExitError                         0x080026a1   Thumb Code    36  port.o(i.prvTaskExitError)
    i.pvPortMalloc                           0x080026c8   Section        0  heap_4.o(i.pvPortMalloc)
    i.pxPortInitialiseStack                  0x080027a4   Section        0  port.o(i.pxPortInitialiseStack)
    i.uxListRemove                           0x080027d0   Section        0  list.o(i.uxListRemove)
    i.vApplicationGetIdleTaskMemory          0x080027f8   Section        0  freertos.o(i.vApplicationGetIdleTaskMemory)
    i.vListInitialise                        0x0800280c   Section        0  list.o(i.vListInitialise)
    i.vListInitialiseItem                    0x08002822   Section        0  list.o(i.vListInitialiseItem)
    i.vListInsert                            0x08002828   Section        0  list.o(i.vListInsert)
    i.vListInsertEnd                         0x08002858   Section        0  list.o(i.vListInsertEnd)
    i.vPortEnterCritical                     0x08002870   Section        0  port.o(i.vPortEnterCritical)
    i.vPortExitCritical                      0x080028b0   Section        0  port.o(i.vPortExitCritical)
    i.vPortFree                              0x080028d8   Section        0  heap_4.o(i.vPortFree)
    i.vPortSetupTimerInterrupt               0x0800293c   Section        0  port.o(i.vPortSetupTimerInterrupt)
    i.vTaskDelay                             0x08002960   Section        0  tasks.o(i.vTaskDelay)
    i.vTaskStartScheduler                    0x080029ac   Section        0  tasks.o(i.vTaskStartScheduler)
    i.vTaskSuspendAll                        0x08002a18   Section        0  tasks.o(i.vTaskSuspendAll)
    i.vTaskSwitchContext                     0x08002a28   Section        0  tasks.o(i.vTaskSwitchContext)
    i.xPortStartScheduler                    0x08002a84   Section        0  port.o(i.xPortStartScheduler)
    i.xPortSysTickHandler                    0x08002b78   Section        0  port.o(i.xPortSysTickHandler)
    i.xTaskCreate                            0x08002ba4   Section        0  tasks.o(i.xTaskCreate)
    i.xTaskCreateStatic                      0x08002bfe   Section        0  tasks.o(i.xTaskCreateStatic)
    i.xTaskGetSchedulerState                 0x08002c54   Section        0  tasks.o(i.xTaskGetSchedulerState)
    i.xTaskIncrementTick                     0x08002c70   Section        0  tasks.o(i.xTaskIncrementTick)
    i.xTaskResumeAll                         0x08002d3c   Section        0  tasks.o(i.xTaskResumeAll)
    x$fpl$dfixu                              0x08002e00   Section       90  dfixu.o(x$fpl$dfixu)
    $v0                                      0x08002e00   Number         0  dfixu.o(x$fpl$dfixu)
    x$fpl$dfltu                              0x08002e5a   Section       38  dflt_clz.o(x$fpl$dfltu)
    $v0                                      0x08002e5a   Number         0  dflt_clz.o(x$fpl$dfltu)
    x$fpl$dmul                               0x08002e80   Section      340  dmul.o(x$fpl$dmul)
    $v0                                      0x08002e80   Number         0  dmul.o(x$fpl$dmul)
    x$fpl$dnaninf                            0x08002fd4   Section      156  dnaninf.o(x$fpl$dnaninf)
    $v0                                      0x08002fd4   Number         0  dnaninf.o(x$fpl$dnaninf)
    x$fpl$dretinf                            0x08003070   Section       12  dretinf.o(x$fpl$dretinf)
    $v0                                      0x08003070   Number         0  dretinf.o(x$fpl$dretinf)
    x$fpl$fpinit                             0x0800307c   Section       10  fpinit.o(x$fpl$fpinit)
    $v0                                      0x0800307c   Number         0  fpinit.o(x$fpl$fpinit)
    x$fpl$usenofp                            0x08003086   Section        0  usenofp.o(x$fpl$usenofp)
    .constdata                               0x08003088   Section       56  main.o(.constdata)
    .constdata                               0x080030c0   Section        8  stm32f4xx_hal_dma.o(.constdata)
    flagBitshiftOffset                       0x080030c0   Data           8  stm32f4xx_hal_dma.o(.constdata)
    .constdata                               0x080030c8   Section       16  system_stm32f4xx.o(.constdata)
    .constdata                               0x080030d8   Section        8  system_stm32f4xx.o(.constdata)
    .conststring                             0x080030e0   Section       24  main.o(.conststring)
    .data                                    0x20000000   Section        8  main.o(.data)
    .data                                    0x20000008   Section       12  stm32f4xx_hal.o(.data)
    .data                                    0x20000014   Section        4  system_stm32f4xx.o(.data)
    .data                                    0x20000018   Section       60  tasks.o(.data)
    uxDeletedTasksWaitingCleanUp             0x2000001c   Data           4  tasks.o(.data)
    uxCurrentNumberOfTasks                   0x20000020   Data           4  tasks.o(.data)
    xTickCount                               0x20000024   Data           4  tasks.o(.data)
    uxTopReadyPriority                       0x20000028   Data           4  tasks.o(.data)
    xSchedulerRunning                        0x2000002c   Data           4  tasks.o(.data)
    xPendedTicks                             0x20000030   Data           4  tasks.o(.data)
    xYieldPending                            0x20000034   Data           4  tasks.o(.data)
    xNumOfOverflows                          0x20000038   Data           4  tasks.o(.data)
    uxTaskNumber                             0x2000003c   Data           4  tasks.o(.data)
    xNextTaskUnblockTime                     0x20000040   Data           4  tasks.o(.data)
    xIdleTaskHandle                          0x20000044   Data           4  tasks.o(.data)
    uxSchedulerSuspended                     0x20000048   Data           4  tasks.o(.data)
    pxDelayedTaskList                        0x2000004c   Data           4  tasks.o(.data)
    pxOverflowDelayedTaskList                0x20000050   Data           4  tasks.o(.data)
    .data                                    0x20000054   Section       32  heap_4.o(.data)
    pxEnd                                    0x20000054   Data           4  heap_4.o(.data)
    xFreeBytesRemaining                      0x20000058   Data           4  heap_4.o(.data)
    xMinimumEverFreeBytesRemaining           0x2000005c   Data           4  heap_4.o(.data)
    xNumberOfSuccessfulAllocations           0x20000060   Data           4  heap_4.o(.data)
    xNumberOfSuccessfulFrees                 0x20000064   Data           4  heap_4.o(.data)
    xBlockAllocatedBit                       0x20000068   Data           4  heap_4.o(.data)
    xStart                                   0x2000006c   Data           8  heap_4.o(.data)
    .data                                    0x20000074   Section       12  port.o(.data)
    ucMaxSysCallPriority                     0x20000074   Data           1  port.o(.data)
    uxCriticalNesting                        0x20000078   Data           4  port.o(.data)
    ulMaxPRIGROUPValue                       0x2000007c   Data           4  port.o(.data)
    .bss                                     0x20000080   Section      336  main.o(.bss)
    .bss                                     0x200001d0   Section      596  freertos.o(.bss)
    xIdleTaskTCBBuffer                       0x200001d0   Data          84  freertos.o(.bss)
    xIdleStack                               0x20000224   Data         512  freertos.o(.bss)
    .bss                                     0x20000424   Section      240  tasks.o(.bss)
    pxReadyTasksLists                        0x20000424   Data         140  tasks.o(.bss)
    xDelayedTaskList1                        0x200004b0   Data          20  tasks.o(.bss)
    xDelayedTaskList2                        0x200004c4   Data          20  tasks.o(.bss)
    xPendingReadyList                        0x200004d8   Data          20  tasks.o(.bss)
    xTasksWaitingTermination                 0x200004ec   Data          20  tasks.o(.bss)
    xSuspendedTaskList                       0x20000500   Data          20  tasks.o(.bss)
    .bss                                     0x20000514   Section    15360  heap_4.o(.bss)
    ucHeap                                   0x20000514   Data       15360  heap_4.o(.bss)
    .bss                                     0x20004114   Section       96  libspace.o(.bss)
    HEAP                                     0x20004178   Section     1280  startup_stm32f401xc.o(HEAP)
    Heap_Mem                                 0x20004178   Data        1280  startup_stm32f401xc.o(HEAP)
    STACK                                    0x20004678   Section     4096  startup_stm32f401xc.o(STACK)
    Stack_Mem                                0x20004678   Data        4096  startup_stm32f401xc.o(STACK)
    __initial_sp                             0x20005678   Data           0  startup_stm32f401xc.o(STACK)

    Global Symbols

    Symbol Name                              Value     Ov Type        Size  Object(Section)

    BuildAttributes$$THM_ISAv4$E$P$D$K$B$S$7EM$VFPi3$EXTD16$VFPS$VFMA$PE$A:L22UL41UL21$X:L11$S22US41US21$IEEE1$IW$USESV6$~STKCKD$USESV7$~SHL$OTIME$ROPI$EBA8$UX$STANDARDLIB$REQ8$PRES8$EABIv2 0x00000000   Number         0  anon$$obj.o ABSOLUTE
    __ARM_use_no_argv                        0x00000000   Number         0  main.o ABSOLUTE
    __ARM_exceptions_init                     - Undefined Weak Reference
    __alloca_initialize                       - Undefined Weak Reference
    __arm_fini_                               - Undefined Weak Reference
    __arm_preinit_                            - Undefined Weak Reference
    __cpp_initialize__aeabi_                  - Undefined Weak Reference
    __cxa_finalize                            - Undefined Weak Reference
    __rt_locale                               - Undefined Weak Reference
    __sigvec_lookup                           - Undefined Weak Reference
    __user_heap_extent                        - Undefined Weak Reference
    _atexit_init                              - Undefined Weak Reference
    _call_atexit_fns                          - Undefined Weak Reference
    _clock_init                               - Undefined Weak Reference
    _fp_trap_init                             - Undefined Weak Reference
    _fp_trap_shutdown                         - Undefined Weak Reference
    _get_lc_collate                           - Undefined Weak Reference
    _get_lc_ctype                             - Undefined Weak Reference
    _get_lc_monetary                          - Undefined Weak Reference
    _get_lc_numeric                           - Undefined Weak Reference
    _get_lc_time                              - Undefined Weak Reference
    _getenv_init                              - Undefined Weak Reference
    _handle_redirection                       - Undefined Weak Reference
    _initio                                   - Undefined Weak Reference
    _mutex_acquire                            - Undefined Weak Reference
    _mutex_free                               - Undefined Weak Reference
    _mutex_release                            - Undefined Weak Reference
    _rand_init                                - Undefined Weak Reference
    _signal_finish                            - Undefined Weak Reference
    _signal_init                              - Undefined Weak Reference
    _terminateio                              - Undefined Weak Reference
    __Vectors_Size                           0x00000194   Number         0  startup_stm32f401xc.o ABSOLUTE
    __Vectors                                0x08000000   Data           4  startup_stm32f401xc.o(RESET)
    __Vectors_End                            0x08000194   Data           0  startup_stm32f401xc.o(RESET)
    __main                                   0x08000195   Thumb Code     8  __main.o(!!!main)
    __scatterload                            0x0800019d   Thumb Code     0  __scatter.o(!!!scatter)
    __scatterload_rt2                        0x0800019d   Thumb Code    44  __scatter.o(!!!scatter)
    __scatterload_rt2_thumb_only             0x0800019d   Thumb Code     0  __scatter.o(!!!scatter)
    __scatterload_null                       0x080001ab   Thumb Code     0  __scatter.o(!!!scatter)
    __scatterload_copy                       0x080001d1   Thumb Code    26  __scatter_copy.o(!!handler_copy)
    __scatterload_zeroinit                   0x080001ed   Thumb Code    28  __scatter_zi.o(!!handler_zi)
    __rt_lib_init                            0x08000209   Thumb Code     0  libinit.o(.ARM.Collect$$libinit$$00000000)
    __rt_lib_init_fp_1                       0x0800020b   Thumb Code     0  libinit2.o(.ARM.Collect$$libinit$$00000001)
    __rt_lib_init_heap_2                     0x0800020f   Thumb Code     0  libinit2.o(.ARM.Collect$$libinit$$00000005)
    __rt_lib_init_preinit_1                  0x0800020f   Thumb Code     0  libinit2.o(.ARM.Collect$$libinit$$00000004)
    __rt_lib_init_alloca_1                   0x08000217   Thumb Code     0  libinit2.o(.ARM.Collect$$libinit$$0000002E)
    __rt_lib_init_argv_1                     0x08000217   Thumb Code     0  libinit2.o(.ARM.Collect$$libinit$$0000002C)
    __rt_lib_init_atexit_1                   0x08000217   Thumb Code     0  libinit2.o(.ARM.Collect$$libinit$$0000001B)
    __rt_lib_init_clock_1                    0x08000217   Thumb Code     0  libinit2.o(.ARM.Collect$$libinit$$00000021)
    __rt_lib_init_cpp_1                      0x08000217   Thumb Code     0  libinit2.o(.ARM.Collect$$libinit$$00000032)
    __rt_lib_init_exceptions_1               0x08000217   Thumb Code     0  libinit2.o(.ARM.Collect$$libinit$$00000030)
    __rt_lib_init_fp_trap_1                  0x08000217   Thumb Code     0  libinit2.o(.ARM.Collect$$libinit$$0000001F)
    __rt_lib_init_getenv_1                   0x08000217   Thumb Code     0  libinit2.o(.ARM.Collect$$libinit$$00000023)
    __rt_lib_init_heap_1                     0x08000217   Thumb Code     0  libinit2.o(.ARM.Collect$$libinit$$0000000A)
    __rt_lib_init_lc_collate_1               0x08000217   Thumb Code     0  libinit2.o(.ARM.Collect$$libinit$$00000011)
    __rt_lib_init_lc_ctype_1                 0x08000217   Thumb Code     0  libinit2.o(.ARM.Collect$$libinit$$00000013)
    __rt_lib_init_lc_monetary_1              0x08000217   Thumb Code     0  libinit2.o(.ARM.Collect$$libinit$$00000015)
    __rt_lib_init_lc_numeric_1               0x08000217   Thumb Code     0  libinit2.o(.ARM.Collect$$libinit$$00000017)
    __rt_lib_init_lc_time_1                  0x08000217   Thumb Code     0  libinit2.o(.ARM.Collect$$libinit$$00000019)
    __rt_lib_init_rand_1                     0x08000217   Thumb Code     0  libinit2.o(.ARM.Collect$$libinit$$0000000E)
    __rt_lib_init_return                     0x08000217   Thumb Code     0  libinit2.o(.ARM.Collect$$libinit$$00000033)
    __rt_lib_init_signal_1                   0x08000217   Thumb Code     0  libinit2.o(.ARM.Collect$$libinit$$0000001D)
    __rt_lib_init_stdio_1                    0x08000217   Thumb Code     0  libinit2.o(.ARM.Collect$$libinit$$00000025)
    __rt_lib_init_user_alloc_1               0x08000217   Thumb Code     0  libinit2.o(.ARM.Collect$$libinit$$0000000C)
    __rt_lib_shutdown                        0x08000219   Thumb Code     0  libshutdown.o(.ARM.Collect$$libshutdown$$00000000)
    __rt_lib_shutdown_cpp_1                  0x0800021b   Thumb Code     0  libshutdown2.o(.ARM.Collect$$libshutdown$$00000004)
    __rt_lib_shutdown_fini_1                 0x0800021b   Thumb Code     0  libshutdown2.o(.ARM.Collect$$libshutdown$$00000002)
    __rt_lib_shutdown_fp_trap_1              0x0800021b   Thumb Code     0  libshutdown2.o(.ARM.Collect$$libshutdown$$00000009)
    __rt_lib_shutdown_heap_1                 0x0800021b   Thumb Code     0  libshutdown2.o(.ARM.Collect$$libshutdown$$00000011)
    __rt_lib_shutdown_return                 0x0800021b   Thumb Code     0  libshutdown2.o(.ARM.Collect$$libshutdown$$00000012)
    __rt_lib_shutdown_signal_1               0x0800021b   Thumb Code     0  libshutdown2.o(.ARM.Collect$$libshutdown$$0000000C)
    __rt_lib_shutdown_stdio_1                0x0800021b   Thumb Code     0  libshutdown2.o(.ARM.Collect$$libshutdown$$00000006)
    __rt_lib_shutdown_user_alloc_1           0x0800021b   Thumb Code     0  libshutdown2.o(.ARM.Collect$$libshutdown$$0000000E)
    __rt_entry                               0x0800021d   Thumb Code     0  __rtentry.o(.ARM.Collect$$rtentry$$00000000)
    __rt_entry_presh_1                       0x0800021d   Thumb Code     0  __rtentry2.o(.ARM.Collect$$rtentry$$00000002)
    __rt_entry_sh                            0x0800021d   Thumb Code     0  __rtentry4.o(.ARM.Collect$$rtentry$$00000004)
    __rt_entry_li                            0x08000223   Thumb Code     0  __rtentry2.o(.ARM.Collect$$rtentry$$0000000A)
    __rt_entry_postsh_1                      0x08000223   Thumb Code     0  __rtentry2.o(.ARM.Collect$$rtentry$$00000009)
    __rt_entry_main                          0x08000227   Thumb Code     0  __rtentry2.o(.ARM.Collect$$rtentry$$0000000D)
    __rt_entry_postli_1                      0x08000227   Thumb Code     0  __rtentry2.o(.ARM.Collect$$rtentry$$0000000C)
    __rt_exit                                0x0800022f   Thumb Code     0  rtexit.o(.ARM.Collect$$rtexit$$00000000)
    __rt_exit_ls                             0x08000231   Thumb Code     0  rtexit2.o(.ARM.Collect$$rtexit$$00000003)
    __rt_exit_prels_1                        0x08000231   Thumb Code     0  rtexit2.o(.ARM.Collect$$rtexit$$00000002)
    __rt_exit_exit                           0x08000235   Thumb Code     0  rtexit2.o(.ARM.Collect$$rtexit$$00000004)
    SVC_Handler                              0x0800023d   Thumb Code    28  port.o(.emb_text)
    __asm___6_port_c_39a90d8d__prvStartFirstTask 0x0800025d   Thumb Code    36  port.o(.emb_text)
    __asm___6_port_c_39a90d8d__prvEnableVFP  0x08000285   Thumb Code    16  port.o(.emb_text)
    PendSV_Handler                           0x08000299   Thumb Code    88  port.o(.emb_text)
    vPortGetIPSR                             0x080002f5   Thumb Code     6  port.o(.emb_text)
    Reset_Handler                            0x080002fd   Thumb Code     8  startup_stm32f401xc.o(.text)
    _maybe_terminate_alloc                   0x080002fd   Thumb Code     0  maybetermalloc1.o(.emb_text)
    ADC_IRQHandler                           0x08000317   Thumb Code     0  startup_stm32f401xc.o(.text)
    DMA1_Stream0_IRQHandler                  0x08000317   Thumb Code     0  startup_stm32f401xc.o(.text)
    DMA1_Stream2_IRQHandler                  0x08000317   Thumb Code     0  startup_stm32f401xc.o(.text)
    DMA1_Stream3_IRQHandler                  0x08000317   Thumb Code     0  startup_stm32f401xc.o(.text)
    DMA1_Stream4_IRQHandler                  0x08000317   Thumb Code     0  startup_stm32f401xc.o(.text)
    DMA1_Stream5_IRQHandler                  0x08000317   Thumb Code     0  startup_stm32f401xc.o(.text)
    DMA1_Stream7_IRQHandler                  0x08000317   Thumb Code     0  startup_stm32f401xc.o(.text)
    DMA2_Stream0_IRQHandler                  0x08000317   Thumb Code     0  startup_stm32f401xc.o(.text)
    DMA2_Stream1_IRQHandler                  0x08000317   Thumb Code     0  startup_stm32f401xc.o(.text)
    DMA2_Stream2_IRQHandler                  0x08000317   Thumb Code     0  startup_stm32f401xc.o(.text)
    DMA2_Stream3_IRQHandler                  0x08000317   Thumb Code     0  startup_stm32f401xc.o(.text)
    DMA2_Stream4_IRQHandler                  0x08000317   Thumb Code     0  startup_stm32f401xc.o(.text)
    DMA2_Stream5_IRQHandler                  0x08000317   Thumb Code     0  startup_stm32f401xc.o(.text)
    DMA2_Stream6_IRQHandler                  0x08000317   Thumb Code     0  startup_stm32f401xc.o(.text)
    DMA2_Stream7_IRQHandler                  0x08000317   Thumb Code     0  startup_stm32f401xc.o(.text)
    EXTI0_IRQHandler                         0x08000317   Thumb Code     0  startup_stm32f401xc.o(.text)
    EXTI15_10_IRQHandler                     0x08000317   Thumb Code     0  startup_stm32f401xc.o(.text)
    EXTI1_IRQHandler                         0x08000317   Thumb Code     0  startup_stm32f401xc.o(.text)
    EXTI2_IRQHandler                         0x08000317   Thumb Code     0  startup_stm32f401xc.o(.text)
    EXTI3_IRQHandler                         0x08000317   Thumb Code     0  startup_stm32f401xc.o(.text)
    EXTI4_IRQHandler                         0x08000317   Thumb Code     0  startup_stm32f401xc.o(.text)
    EXTI9_5_IRQHandler                       0x08000317   Thumb Code     0  startup_stm32f401xc.o(.text)
    FLASH_IRQHandler                         0x08000317   Thumb Code     0  startup_stm32f401xc.o(.text)
    FPU_IRQHandler                           0x08000317   Thumb Code     0  startup_stm32f401xc.o(.text)
    I2C1_ER_IRQHandler                       0x08000317   Thumb Code     0  startup_stm32f401xc.o(.text)
    I2C1_EV_IRQHandler                       0x08000317   Thumb Code     0  startup_stm32f401xc.o(.text)
    I2C2_ER_IRQHandler                       0x08000317   Thumb Code     0  startup_stm32f401xc.o(.text)
    I2C2_EV_IRQHandler                       0x08000317   Thumb Code     0  startup_stm32f401xc.o(.text)
    I2C3_ER_IRQHandler                       0x08000317   Thumb Code     0  startup_stm32f401xc.o(.text)
    I2C3_EV_IRQHandler                       0x08000317   Thumb Code     0  startup_stm32f401xc.o(.text)
    OTG_FS_IRQHandler                        0x08000317   Thumb Code     0  startup_stm32f401xc.o(.text)
    OTG_FS_WKUP_IRQHandler                   0x08000317   Thumb Code     0  startup_stm32f401xc.o(.text)
    PVD_IRQHandler                           0x08000317   Thumb Code     0  startup_stm32f401xc.o(.text)
    RCC_IRQHandler                           0x08000317   Thumb Code     0  startup_stm32f401xc.o(.text)
    RTC_Alarm_IRQHandler                     0x08000317   Thumb Code     0  startup_stm32f401xc.o(.text)
    RTC_WKUP_IRQHandler                      0x08000317   Thumb Code     0  startup_stm32f401xc.o(.text)
    SDIO_IRQHandler                          0x08000317   Thumb Code     0  startup_stm32f401xc.o(.text)
    SPI1_IRQHandler                          0x08000317   Thumb Code     0  startup_stm32f401xc.o(.text)
    SPI2_IRQHandler                          0x08000317   Thumb Code     0  startup_stm32f401xc.o(.text)
    SPI3_IRQHandler                          0x08000317   Thumb Code     0  startup_stm32f401xc.o(.text)
    SPI4_IRQHandler                          0x08000317   Thumb Code     0  startup_stm32f401xc.o(.text)
    TAMP_STAMP_IRQHandler                    0x08000317   Thumb Code     0  startup_stm32f401xc.o(.text)
    TIM1_BRK_TIM9_IRQHandler                 0x08000317   Thumb Code     0  startup_stm32f401xc.o(.text)
    TIM1_CC_IRQHandler                       0x08000317   Thumb Code     0  startup_stm32f401xc.o(.text)
    TIM1_TRG_COM_TIM11_IRQHandler            0x08000317   Thumb Code     0  startup_stm32f401xc.o(.text)
    TIM1_UP_TIM10_IRQHandler                 0x08000317   Thumb Code     0  startup_stm32f401xc.o(.text)
    TIM2_IRQHandler                          0x08000317   Thumb Code     0  startup_stm32f401xc.o(.text)
    TIM3_IRQHandler                          0x08000317   Thumb Code     0  startup_stm32f401xc.o(.text)
    TIM4_IRQHandler                          0x08000317   Thumb Code     0  startup_stm32f401xc.o(.text)
    TIM5_IRQHandler                          0x08000317   Thumb Code     0  startup_stm32f401xc.o(.text)
    USART1_IRQHandler                        0x08000317   Thumb Code     0  startup_stm32f401xc.o(.text)
    USART2_IRQHandler                        0x08000317   Thumb Code     0  startup_stm32f401xc.o(.text)
    USART6_IRQHandler                        0x08000317   Thumb Code     0  startup_stm32f401xc.o(.text)
    WWDG_IRQHandler                          0x08000317   Thumb Code     0  startup_stm32f401xc.o(.text)
    __user_initial_stackheap                 0x08000319   Thumb Code     0  startup_stm32f401xc.o(.text)
    malloc                                   0x0800033d   Thumb Code    94  h1_alloc.o(.text)
    __aeabi_uldivmod                         0x0800039b   Thumb Code     0  lludivv7m.o(.text)
    _ll_udiv                                 0x0800039b   Thumb Code   238  lludivv7m.o(.text)
    __aeabi_memcpy4                          0x08000489   Thumb Code     0  rt_memcpy_w.o(.text)
    __aeabi_memcpy8                          0x08000489   Thumb Code     0  rt_memcpy_w.o(.text)
    __rt_memcpy_w                            0x08000489   Thumb Code   100  rt_memcpy_w.o(.text)
    _memcpy_lastbytes_aligned                0x080004d1   Thumb Code     0  rt_memcpy_w.o(.text)
    __aeabi_memclr4                          0x080004ed   Thumb Code     0  rt_memclr_w.o(.text)
    __aeabi_memclr8                          0x080004ed   Thumb Code     0  rt_memclr_w.o(.text)
    __rt_memclr_w                            0x080004ed   Thumb Code    78  rt_memclr_w.o(.text)
    _memset_w                                0x080004f1   Thumb Code     0  rt_memclr_w.o(.text)
    __use_two_region_memory                  0x0800053b   Thumb Code     2  heapauxi.o(.text)
    __rt_heap_escrow                         0x0800053d   Thumb Code     2  heapauxi.o(.text)
    __rt_heap_expand                         0x0800053f   Thumb Code     2  heapauxi.o(.text)
    __rt_heap_descriptor                     0x08000541   Thumb Code     8  rt_heap_descriptor_intlibspace.o(.text)
    __use_no_heap                            0x08000549   Thumb Code     2  hguard.o(.text)
    __heap$guard                             0x0800054b   Thumb Code     2  hguard.o(.text)
    _terminate_user_alloc                    0x0800054d   Thumb Code     2  init_alloc.o(.text)
    _init_user_alloc                         0x0800054f   Thumb Code     2  init_alloc.o(.text)
    __Heap_Full                              0x08000551   Thumb Code    34  init_alloc.o(.text)
    __Heap_Broken                            0x08000573   Thumb Code     6  init_alloc.o(.text)
    _init_alloc                              0x08000579   Thumb Code    94  init_alloc.o(.text)
    __Heap_Initialize                        0x080005d7   Thumb Code    10  h1_init.o(.text)
    __Heap_DescSize                          0x080005e1   Thumb Code     4  h1_init.o(.text)
    free                                     0x080005e5   Thumb Code    78  h1_free.o(.text)
    __user_libspace                          0x08000635   Thumb Code     8  libspace.o(.text)
    __user_perproc_libspace                  0x08000635   Thumb Code     0  libspace.o(.text)
    __user_perthread_libspace                0x08000635   Thumb Code     0  libspace.o(.text)
    __Heap_ProvideMemory                     0x0800063d   Thumb Code    52  h1_extend.o(.text)
    __rt_SIGRTMEM                            0x08000671   Thumb Code    14  defsig_rtmem_outer.o(.text)
    __I$use$semihosting                      0x0800067f   Thumb Code     0  use_no_semi.o(.text)
    __use_no_semihosting_swi                 0x0800067f   Thumb Code     2  use_no_semi.o(.text)
    __semihosting_library_function           0x08000681   Thumb Code     0  indicate_semi.o(.text)
    __user_setup_stackheap                   0x08000681   Thumb Code    74  sys_stackheap_outer.o(.text)
    exit                                     0x080006cb   Thumb Code    18  exit.o(.text)
    __sig_exit                               0x080006dd   Thumb Code    10  defsig_exit.o(.text)
    __rt_SIGRTMEM_inner                      0x080006e9   Thumb Code    22  defsig_rtmem_inner.o(.text)
    _sys_exit                                0x08000739   Thumb Code     8  sys_exit.o(.text)
    __default_signal_display                 0x08000745   Thumb Code    50  defsig_general.o(.text)
    _ttywrch                                 0x08000777   Thumb Code    14  sys_wrch.o(.text)
    ARGB_Clear                               0x08000785   Thumb Code    10  argb.o(i.ARGB_Clear)
    ARGB_FillRGB                             0x0800078f   Thumb Code    52  argb.o(i.ARGB_FillRGB)
    ARGB_Init                                0x080007c5   Thumb Code   180  argb.o(i.ARGB_Init)
    ARGB_SetBrightness                       0x08000891   Thumb Code     4  argb.o(i.ARGB_SetBrightness)
    ARGB_SetRGB                              0x08000895   Thumb Code    88  argb.o(i.ARGB_SetRGB)
    ARGB_Show                                0x080008ed   Thumb Code   616  argb.o(i.ARGB_Show)
    BusFault_Handler                         0x08000e0d   Thumb Code     2  stm32f4xx_it.o(i.BusFault_Handler)
    DMA1_Stream1_IRQHandler                  0x08000e11   Thumb Code     6  stm32f4xx_it.o(i.DMA1_Stream1_IRQHandler)
    DMA1_Stream6_IRQHandler                  0x08000e1d   Thumb Code     6  stm32f4xx_it.o(i.DMA1_Stream6_IRQHandler)
    DebugMon_Handler                         0x08000ecd   Thumb Code     2  stm32f4xx_it.o(i.DebugMon_Handler)
    Error_Handler                            0x08000ecf   Thumb Code     4  main.o(i.Error_Handler)
    HAL_DMA_Abort_IT                         0x08000ed3   Thumb Code    36  stm32f4xx_hal_dma.o(i.HAL_DMA_Abort_IT)
    HAL_DMA_IRQHandler                       0x08000ef9   Thumb Code   412  stm32f4xx_hal_dma.o(i.HAL_DMA_IRQHandler)
    HAL_DMA_Init                             0x08001099   Thumb Code   206  stm32f4xx_hal_dma.o(i.HAL_DMA_Init)
    HAL_DMA_Start_IT                         0x0800116d   Thumb Code   110  stm32f4xx_hal_dma.o(i.HAL_DMA_Start_IT)
    HAL_Delay                                0x080011dd   Thumb Code    32  stm32f4xx_hal.o(i.HAL_Delay)
    HAL_GPIO_Init                            0x08001201   Thumb Code   446  stm32f4xx_hal_gpio.o(i.HAL_GPIO_Init)
    HAL_GetTick                              0x080013e1   Thumb Code     6  stm32f4xx_hal.o(i.HAL_GetTick)
    HAL_IncTick                              0x080013ed   Thumb Code    12  stm32f4xx_hal.o(i.HAL_IncTick)
    HAL_Init                                 0x080013fd   Thumb Code    48  stm32f4xx_hal.o(i.HAL_Init)
    HAL_InitTick                             0x08001431   Thumb Code    54  stm32f4xx_hal.o(i.HAL_InitTick)
    HAL_MspInit                              0x08001471   Thumb Code    52  stm32f4xx_hal_msp.o(i.HAL_MspInit)
    HAL_NVIC_EnableIRQ                       0x080014a9   Thumb Code    26  stm32f4xx_hal_cortex.o(i.HAL_NVIC_EnableIRQ)
    HAL_NVIC_SetPriority                     0x080014c5   Thumb Code    60  stm32f4xx_hal_cortex.o(i.HAL_NVIC_SetPriority)
    HAL_NVIC_SetPriorityGrouping             0x08001505   Thumb Code    26  stm32f4xx_hal_cortex.o(i.HAL_NVIC_SetPriorityGrouping)
    HAL_RCC_ClockConfig                      0x08001529   Thumb Code   288  stm32f4xx_hal_rcc.o(i.HAL_RCC_ClockConfig)
    HAL_RCC_GetPCLK1Freq                     0x0800165d   Thumb Code    20  stm32f4xx_hal_rcc.o(i.HAL_RCC_GetPCLK1Freq)
    HAL_RCC_GetPCLK2Freq                     0x0800167d   Thumb Code    20  stm32f4xx_hal_rcc.o(i.HAL_RCC_GetPCLK2Freq)
    HAL_RCC_GetSysClockFreq                  0x0800169d   Thumb Code    88  stm32f4xx_hal_rcc.o(i.HAL_RCC_GetSysClockFreq)
    HAL_RCC_OscConfig                        0x08001701   Thumb Code   856  stm32f4xx_hal_rcc.o(i.HAL_RCC_OscConfig)
    HAL_SYSTICK_Config                       0x08001a6d   Thumb Code    40  stm32f4xx_hal_cortex.o(i.HAL_SYSTICK_Config)
    HAL_TIMEx_MasterConfigSynchronization    0x08001a95   Thumb Code   104  stm32f4xx_hal_tim_ex.o(i.HAL_TIMEx_MasterConfigSynchronization)
    HAL_TIM_ErrorCallback                    0x08001b11   Thumb Code     2  stm32f4xx_hal_tim.o(i.HAL_TIM_ErrorCallback)
    HAL_TIM_MspPostInit                      0x08001b15   Thumb Code    70  stm32f4xx_hal_msp.o(i.HAL_TIM_MspPostInit)
    HAL_TIM_PWM_ConfigChannel                0x08001b65   Thumb Code   204  stm32f4xx_hal_tim.o(i.HAL_TIM_PWM_ConfigChannel)
    HAL_TIM_PWM_Init                         0x08001c31   Thumb Code    90  stm32f4xx_hal_tim.o(i.HAL_TIM_PWM_Init)
    HAL_TIM_PWM_MspInit                      0x08001c8d   Thumb Code   148  stm32f4xx_hal_msp.o(i.HAL_TIM_PWM_MspInit)
    HardFault_Handler                        0x08001d31   Thumb Code     2  stm32f4xx_it.o(i.HardFault_Handler)
    MemManage_Handler                        0x08001db1   Thumb Code     2  stm32f4xx_it.o(i.MemManage_Handler)
    NMI_Handler                              0x08001db3   Thumb Code     2  stm32f4xx_it.o(i.NMI_Handler)
    StartDefaultTask                         0x08001db5   Thumb Code   170  main.o(i.StartDefaultTask)
    StartTask02                              0x08001e69   Thumb Code   170  main.o(i.StartTask02)
    SysTick_Handler                          0x08001f1d   Thumb Code    24  stm32f4xx_it.o(i.SysTick_Handler)
    SystemClock_Config                       0x08001f35   Thumb Code   138  main.o(i.SystemClock_Config)
    SystemInit                               0x08001fc9   Thumb Code    12  system_stm32f4xx.o(i.SystemInit)
    TIM_Base_SetConfig                       0x08001fd9   Thumb Code   136  stm32f4xx_hal_tim.o(i.TIM_Base_SetConfig)
    TIM_CCxChannelCmd                        0x0800207d   Thumb Code    26  stm32f4xx_hal_tim.o(i.TIM_CCxChannelCmd)
    TIM_DMAError                             0x08002097   Thumb Code    84  stm32f4xx_hal_tim.o(i.TIM_DMAError)
    TIM_OC2_SetConfig                        0x0800213d   Thumb Code    84  stm32f4xx_hal_tim.o(i.TIM_OC2_SetConfig)
    UsageFault_Handler                       0x08002231   Thumb Code     2  stm32f4xx_it.o(i.UsageFault_Handler)
    main                                     0x08002255   Thumb Code   162  main.o(i.main)
    osDelay                                  0x08002311   Thumb Code    14  cmsis_os.o(i.osDelay)
    osKernelStart                            0x0800231f   Thumb Code    10  cmsis_os.o(i.osKernelStart)
    osThreadCreate                           0x08002329   Thumb Code    84  cmsis_os.o(i.osThreadCreate)
    pvPortMalloc                             0x080026c9   Thumb Code   216  heap_4.o(i.pvPortMalloc)
    pxPortInitialiseStack                    0x080027a5   Thumb Code    40  port.o(i.pxPortInitialiseStack)
    uxListRemove                             0x080027d1   Thumb Code    38  list.o(i.uxListRemove)
    vApplicationGetIdleTaskMemory            0x080027f9   Thumb Code    16  freertos.o(i.vApplicationGetIdleTaskMemory)
    vListInitialise                          0x0800280d   Thumb Code    22  list.o(i.vListInitialise)
    vListInitialiseItem                      0x08002823   Thumb Code     6  list.o(i.vListInitialiseItem)
    vListInsert                              0x08002829   Thumb Code    48  list.o(i.vListInsert)
    vListInsertEnd                           0x08002859   Thumb Code    24  list.o(i.vListInsertEnd)
    vPortEnterCritical                       0x08002871   Thumb Code    54  port.o(i.vPortEnterCritical)
    vPortExitCritical                        0x080028b1   Thumb Code    34  port.o(i.vPortExitCritical)
    vPortFree                                0x080028d9   Thumb Code    94  heap_4.o(i.vPortFree)
    vPortSetupTimerInterrupt                 0x0800293d   Thumb Code    32  port.o(i.vPortSetupTimerInterrupt)
    vTaskDelay                               0x08002961   Thumb Code    66  tasks.o(i.vTaskDelay)
    vTaskStartScheduler                      0x080029ad   Thumb Code    90  tasks.o(i.vTaskStartScheduler)
    vTaskSuspendAll                          0x08002a19   Thumb Code    10  tasks.o(i.vTaskSuspendAll)
    vTaskSwitchContext                       0x08002a29   Thumb Code    82  tasks.o(i.vTaskSwitchContext)
    xPortStartScheduler                      0x08002a85   Thumb Code   222  port.o(i.xPortStartScheduler)
    xPortSysTickHandler                      0x08002b79   Thumb Code    38  port.o(i.xPortSysTickHandler)
    xTaskCreate                              0x08002ba5   Thumb Code    90  tasks.o(i.xTaskCreate)
    xTaskCreateStatic                        0x08002bff   Thumb Code    86  tasks.o(i.xTaskCreateStatic)
    xTaskGetSchedulerState                   0x08002c55   Thumb Code    22  tasks.o(i.xTaskGetSchedulerState)
    xTaskIncrementTick                       0x08002c71   Thumb Code   194  tasks.o(i.xTaskIncrementTick)
    xTaskResumeAll                           0x08002d3d   Thumb Code   182  tasks.o(i.xTaskResumeAll)
    __aeabi_d2uiz                            0x08002e01   Thumb Code     0  dfixu.o(x$fpl$dfixu)
    _dfixu                                   0x08002e01   Thumb Code    90  dfixu.o(x$fpl$dfixu)
    __aeabi_ui2d                             0x08002e5b   Thumb Code     0  dflt_clz.o(x$fpl$dfltu)
    _dfltu                                   0x08002e5b   Thumb Code    38  dflt_clz.o(x$fpl$dfltu)
    __aeabi_dmul                             0x08002e81   Thumb Code     0  dmul.o(x$fpl$dmul)
    _dmul                                    0x08002e81   Thumb Code   332  dmul.o(x$fpl$dmul)
    __fpl_dnaninf                            0x08002fd5   Thumb Code   156  dnaninf.o(x$fpl$dnaninf)
    __fpl_dretinf                            0x08003071   Thumb Code    12  dretinf.o(x$fpl$dretinf)
    _fp_init                                 0x0800307d   Thumb Code    10  fpinit.o(x$fpl$fpinit)
    __fplib_config_fpu_vfp                   0x08003085   Thumb Code     0  fpinit.o(x$fpl$fpinit)
    __fplib_config_pureend_doubles           0x08003085   Thumb Code     0  fpinit.o(x$fpl$fpinit)
    __I$use$fp                               0x08003086   Number         0  usenofp.o(x$fpl$usenofp)
    AHBPrescTable                            0x080030c8   Data          16  system_stm32f4xx.o(.constdata)
    APBPrescTable                            0x080030d8   Data           8  system_stm32f4xx.o(.constdata)
    Region$$Table$$Base                      0x080030f8   Number         0  anon$$obj.o(Region$$Table)
    Region$$Table$$Limit                     0x08003118   Number         0  anon$$obj.o(Region$$Table)
    defaultTaskHandle                        0x20000000   Data           4  main.o(.data)
    myTask02Handle                           0x20000004   Data           4  main.o(.data)
    uwTickFreq                               0x20000008   Data           1  stm32f4xx_hal.o(.data)
    uwTickPrio                               0x2000000c   Data           4  stm32f4xx_hal.o(.data)
    uwTick                                   0x20000010   Data           4  stm32f4xx_hal.o(.data)
    SystemCoreClock                          0x20000014   Data           4  system_stm32f4xx.o(.data)
    pxCurrentTCB                             0x20000018   Data           4  tasks.o(.data)
    htim2                                    0x20000080   Data          72  main.o(.bss)
    hdma_tim2_ch2_ch4                        0x200000c8   Data         100  main.o(.bss)
    hdma_tim2_ch3_up                         0x2000012c   Data         100  main.o(.bss)
    my_strip                                 0x20000190   Data          32  main.o(.bss)
    my_strip_2                               0x200001b0   Data          32  main.o(.bss)
    __libspace_start                         0x20004114   Data          96  libspace.o(.bss)
    __temporary_stack_top$libspace           0x20004174   Data           0  libspace.o(.bss)



==============================================================================

Memory Map of the image

  Image Entry point : 0x08000195

  Load Region LR_IROM1 (Base: 0x08000000, Size: 0x00003198, Max: 0x00040000, ABSOLUTE)

    Execution Region ER_IROM1 (Exec base: 0x08000000, Load base: 0x08000000, Size: 0x00003118, Max: 0x00040000, ABSOLUTE)

    Exec Addr    Load Addr    Size         Type   Attr      Idx    E Section Name        Object

    0x08000000   0x08000000   0x00000194   Data   RO            3    RESET               startup_stm32f401xc.o
    0x08000194   0x08000194   0x00000008   Code   RO         4150  * !!!main             c_w.l(__main.o)
    0x0800019c   0x0800019c   0x00000034   Code   RO         4388    !!!scatter          c_w.l(__scatter.o)
    0x080001d0   0x080001d0   0x0000001a   Code   RO         4390    !!handler_copy      c_w.l(__scatter_copy.o)
    0x080001ea   0x080001ea   0x00000002   PAD
    0x080001ec   0x080001ec   0x0000001c   Code   RO         4392    !!handler_zi        c_w.l(__scatter_zi.o)
    0x08000208   0x08000208   0x00000002   Code   RO         4325    .ARM.Collect$$libinit$$00000000  c_w.l(libinit.o)
    0x0800020a   0x0800020a   0x00000004   Code   RO         4206    .ARM.Collect$$libinit$$00000001  c_w.l(libinit2.o)
    0x0800020e   0x0800020e   0x00000000   Code   RO         4209    .ARM.Collect$$libinit$$00000004  c_w.l(libinit2.o)
    0x0800020e   0x0800020e   0x00000008   Code   RO         4210    .ARM.Collect$$libinit$$00000005  c_w.l(libinit2.o)
    0x08000216   0x08000216   0x00000000   Code   RO         4212    .ARM.Collect$$libinit$$0000000A  c_w.l(libinit2.o)
    0x08000216   0x08000216   0x00000000   Code   RO         4214    .ARM.Collect$$libinit$$0000000C  c_w.l(libinit2.o)
    0x08000216   0x08000216   0x00000000   Code   RO         4216    .ARM.Collect$$libinit$$0000000E  c_w.l(libinit2.o)
    0x08000216   0x08000216   0x00000000   Code   RO         4219    .ARM.Collect$$libinit$$00000011  c_w.l(libinit2.o)
    0x08000216   0x08000216   0x00000000   Code   RO         4221    .ARM.Collect$$libinit$$00000013  c_w.l(libinit2.o)
    0x08000216   0x08000216   0x00000000   Code   RO         4223    .ARM.Collect$$libinit$$00000015  c_w.l(libinit2.o)
    0x08000216   0x08000216   0x00000000   Code   RO         4225    .ARM.Collect$$libinit$$00000017  c_w.l(libinit2.o)
    0x08000216   0x08000216   0x00000000   Code   RO         4227    .ARM.Collect$$libinit$$00000019  c_w.l(libinit2.o)
    0x08000216   0x08000216   0x00000000   Code   RO         4229    .ARM.Collect$$libinit$$0000001B  c_w.l(libinit2.o)
    0x08000216   0x08000216   0x00000000   Code   RO         4231    .ARM.Collect$$libinit$$0000001D  c_w.l(libinit2.o)
    0x08000216   0x08000216   0x00000000   Code   RO         4233    .ARM.Collect$$libinit$$0000001F  c_w.l(libinit2.o)
    0x08000216   0x08000216   0x00000000   Code   RO         4235    .ARM.Collect$$libinit$$00000021  c_w.l(libinit2.o)
    0x08000216   0x08000216   0x00000000   Code   RO         4237    .ARM.Collect$$libinit$$00000023  c_w.l(libinit2.o)
    0x08000216   0x08000216   0x00000000   Code   RO         4239    .ARM.Collect$$libinit$$00000025  c_w.l(libinit2.o)
    0x08000216   0x08000216   0x00000000   Code   RO         4243    .ARM.Collect$$libinit$$0000002C  c_w.l(libinit2.o)
    0x08000216   0x08000216   0x00000000   Code   RO         4245    .ARM.Collect$$libinit$$0000002E  c_w.l(libinit2.o)
    0x08000216   0x08000216   0x00000000   Code   RO         4247    .ARM.Collect$$libinit$$00000030  c_w.l(libinit2.o)
    0x08000216   0x08000216   0x00000000   Code   RO         4249    .ARM.Collect$$libinit$$00000032  c_w.l(libinit2.o)
    0x08000216   0x08000216   0x00000002   Code   RO         4250    .ARM.Collect$$libinit$$00000033  c_w.l(libinit2.o)
    0x08000218   0x08000218   0x00000002   Code   RO         4385    .ARM.Collect$$libshutdown$$00000000  c_w.l(libshutdown.o)
    0x0800021a   0x0800021a   0x00000000   Code   RO         4341    .ARM.Collect$$libshutdown$$00000002  c_w.l(libshutdown2.o)
    0x0800021a   0x0800021a   0x00000000   Code   RO         4343    .ARM.Collect$$libshutdown$$00000004  c_w.l(libshutdown2.o)
    0x0800021a   0x0800021a   0x00000000   Code   RO         4345    .ARM.Collect$$libshutdown$$00000006  c_w.l(libshutdown2.o)
    0x0800021a   0x0800021a   0x00000000   Code   RO         4348    .ARM.Collect$$libshutdown$$00000009  c_w.l(libshutdown2.o)
    0x0800021a   0x0800021a   0x00000000   Code   RO         4351    .ARM.Collect$$libshutdown$$0000000C  c_w.l(libshutdown2.o)
    0x0800021a   0x0800021a   0x00000000   Code   RO         4353    .ARM.Collect$$libshutdown$$0000000E  c_w.l(libshutdown2.o)
    0x0800021a   0x0800021a   0x00000000   Code   RO         4356    .ARM.Collect$$libshutdown$$00000011  c_w.l(libshutdown2.o)
    0x0800021a   0x0800021a   0x00000002   Code   RO         4357    .ARM.Collect$$libshutdown$$00000012  c_w.l(libshutdown2.o)
    0x0800021c   0x0800021c   0x00000000   Code   RO         4166    .ARM.Collect$$rtentry$$00000000  c_w.l(__rtentry.o)
    0x0800021c   0x0800021c   0x00000000   Code   RO         4262    .ARM.Collect$$rtentry$$00000002  c_w.l(__rtentry2.o)
    0x0800021c   0x0800021c   0x00000006   Code   RO         4274    .ARM.Collect$$rtentry$$00000004  c_w.l(__rtentry4.o)
    0x08000222   0x08000222   0x00000000   Code   RO         4264    .ARM.Collect$$rtentry$$00000009  c_w.l(__rtentry2.o)
    0x08000222   0x08000222   0x00000004   Code   RO         4265    .ARM.Collect$$rtentry$$0000000A  c_w.l(__rtentry2.o)
    0x08000226   0x08000226   0x00000000   Code   RO         4267    .ARM.Collect$$rtentry$$0000000C  c_w.l(__rtentry2.o)
    0x08000226   0x08000226   0x00000008   Code   RO         4268    .ARM.Collect$$rtentry$$0000000D  c_w.l(__rtentry2.o)
    0x0800022e   0x0800022e   0x00000002   Code   RO         4328    .ARM.Collect$$rtexit$$00000000  c_w.l(rtexit.o)
    0x08000230   0x08000230   0x00000000   Code   RO         4361    .ARM.Collect$$rtexit$$00000002  c_w.l(rtexit2.o)
    0x08000230   0x08000230   0x00000004   Code   RO         4362    .ARM.Collect$$rtexit$$00000003  c_w.l(rtexit2.o)
    0x08000234   0x08000234   0x00000006   Code   RO         4363    .ARM.Collect$$rtexit$$00000004  c_w.l(rtexit2.o)
    0x0800023a   0x0800023a   0x00000002   PAD
    0x0800023c   0x0800023c   0x000000be   Code   RO         4003    .emb_text           port.o
    0x080002fa   0x080002fa   0x00000002   PAD
    0x080002fc   0x080002fc   0x00000000   Code   RO         4280    .emb_text           c_w.l(maybetermalloc1.o)
    0x080002fc   0x080002fc   0x00000040   Code   RO            4    .text               startup_stm32f401xc.o
    0x0800033c   0x0800033c   0x0000005e   Code   RO         4084    .text               c_w.l(h1_alloc.o)
    0x0800039a   0x0800039a   0x000000ee   Code   RO         4138    .text               c_w.l(lludivv7m.o)
    0x08000488   0x08000488   0x00000064   Code   RO         4142    .text               c_w.l(rt_memcpy_w.o)
    0x080004ec   0x080004ec   0x0000004e   Code   RO         4146    .text               c_w.l(rt_memclr_w.o)
    0x0800053a   0x0800053a   0x00000006   Code   RO         4148    .text               c_w.l(heapauxi.o)
    0x08000540   0x08000540   0x00000008   Code   RO         4174    .text               c_w.l(rt_heap_descriptor_intlibspace.o)
    0x08000548   0x08000548   0x00000004   Code   RO         4176    .text               c_w.l(hguard.o)
    0x0800054c   0x0800054c   0x0000008a   Code   RO         4178    .text               c_w.l(init_alloc.o)
    0x080005d6   0x080005d6   0x0000000e   Code   RO         4184    .text               c_w.l(h1_init.o)
    0x080005e4   0x080005e4   0x0000004e   Code   RO         4186    .text               c_w.l(h1_free.o)
    0x08000632   0x08000632   0x00000002   PAD
    0x08000634   0x08000634   0x00000008   Code   RO         4258    .text               c_w.l(libspace.o)
    0x0800063c   0x0800063c   0x00000034   Code   RO         4282    .text               c_w.l(h1_extend.o)
    0x08000670   0x08000670   0x0000000e   Code   RO         4286    .text               c_w.l(defsig_rtmem_outer.o)
    0x0800067e   0x0800067e   0x00000002   Code   RO         4297    .text               c_w.l(use_no_semi.o)
    0x08000680   0x08000680   0x00000000   Code   RO         4299    .text               c_w.l(indicate_semi.o)
    0x08000680   0x08000680   0x0000004a   Code   RO         4300    .text               c_w.l(sys_stackheap_outer.o)
    0x080006ca   0x080006ca   0x00000012   Code   RO         4306    .text               c_w.l(exit.o)
    0x080006dc   0x080006dc   0x0000000a   Code   RO         4308    .text               c_w.l(defsig_exit.o)
    0x080006e6   0x080006e6   0x00000002   PAD
    0x080006e8   0x080006e8   0x00000050   Code   RO         4314    .text               c_w.l(defsig_rtmem_inner.o)
    0x08000738   0x08000738   0x0000000c   Code   RO         4326    .text               c_w.l(sys_exit.o)
    0x08000744   0x08000744   0x00000032   Code   RO         4336    .text               c_w.l(defsig_general.o)
    0x08000776   0x08000776   0x0000000e   Code   RO         4358    .text               c_w.l(sys_wrch.o)
    0x08000784   0x08000784   0x0000000a   Code   RO           13    i.ARGB_Clear        argb.o
    0x0800078e   0x0800078e   0x00000034   Code   RO           14    i.ARGB_FillRGB      argb.o
    0x080007c2   0x080007c2   0x00000002   PAD
    0x080007c4   0x080007c4   0x000000cc   Code   RO           15    i.ARGB_Init         argb.o
    0x08000890   0x08000890   0x00000004   Code   RO           17    i.ARGB_SetBrightness  argb.o
    0x08000894   0x08000894   0x00000058   Code   RO           18    i.ARGB_SetRGB       argb.o
    0x080008ec   0x080008ec   0x00000288   Code   RO           19    i.ARGB_Show         argb.o
    0x08000b74   0x08000b74   0x000001d4   Code   RO           20    i.ARGB_TIM_DMADelayPulseCplt  argb.o
    0x08000d48   0x08000d48   0x000000c4   Code   RO           21    i.ARGB_TIM_DMADelayPulseHalfCplt  argb.o
    0x08000e0c   0x08000e0c   0x00000002   Code   RO          442    i.BusFault_Handler  stm32f4xx_it.o
    0x08000e0e   0x08000e0e   0x00000002   PAD
    0x08000e10   0x08000e10   0x0000000c   Code   RO          443    i.DMA1_Stream1_IRQHandler  stm32f4xx_it.o
    0x08000e1c   0x08000e1c   0x0000000c   Code   RO          444    i.DMA1_Stream6_IRQHandler  stm32f4xx_it.o
    0x08000e28   0x08000e28   0x00000028   Code   RO         1051    i.DMA_CalcBaseAndBitshift  stm32f4xx_hal_dma.o
    0x08000e50   0x08000e50   0x00000054   Code   RO         1052    i.DMA_CheckFifoParam  stm32f4xx_hal_dma.o
    0x08000ea4   0x08000ea4   0x00000028   Code   RO         1053    i.DMA_SetConfig     stm32f4xx_hal_dma.o
    0x08000ecc   0x08000ecc   0x00000002   Code   RO          445    i.DebugMon_Handler  stm32f4xx_it.o
    0x08000ece   0x08000ece   0x00000004   Code   RO          200    i.Error_Handler     main.o
    0x08000ed2   0x08000ed2   0x00000024   Code   RO         1055    i.HAL_DMA_Abort_IT  stm32f4xx_hal_dma.o
    0x08000ef6   0x08000ef6   0x00000002   PAD
    0x08000ef8   0x08000ef8   0x000001a0   Code   RO         1059    i.HAL_DMA_IRQHandler  stm32f4xx_hal_dma.o
    0x08001098   0x08001098   0x000000d4   Code   RO         1060    i.HAL_DMA_Init      stm32f4xx_hal_dma.o
    0x0800116c   0x0800116c   0x0000006e   Code   RO         1064    i.HAL_DMA_Start_IT  stm32f4xx_hal_dma.o
    0x080011da   0x080011da   0x00000002   PAD
    0x080011dc   0x080011dc   0x00000024   Code   RO         1515    i.HAL_Delay         stm32f4xx_hal.o
    0x08001200   0x08001200   0x000001e0   Code   RO          947    i.HAL_GPIO_Init     stm32f4xx_hal_gpio.o
    0x080013e0   0x080013e0   0x0000000c   Code   RO         1521    i.HAL_GetTick       stm32f4xx_hal.o
    0x080013ec   0x080013ec   0x00000010   Code   RO         1527    i.HAL_IncTick       stm32f4xx_hal.o
    0x080013fc   0x080013fc   0x00000034   Code   RO         1528    i.HAL_Init          stm32f4xx_hal.o
    0x08001430   0x08001430   0x00000040   Code   RO         1529    i.HAL_InitTick      stm32f4xx_hal.o
    0x08001470   0x08001470   0x00000038   Code   RO          525    i.HAL_MspInit       stm32f4xx_hal_msp.o
    0x080014a8   0x080014a8   0x0000001a   Code   RO         1363    i.HAL_NVIC_EnableIRQ  stm32f4xx_hal_cortex.o
    0x080014c2   0x080014c2   0x00000002   PAD
    0x080014c4   0x080014c4   0x00000040   Code   RO         1369    i.HAL_NVIC_SetPriority  stm32f4xx_hal_cortex.o
    0x08001504   0x08001504   0x00000024   Code   RO         1370    i.HAL_NVIC_SetPriorityGrouping  stm32f4xx_hal_cortex.o
    0x08001528   0x08001528   0x00000134   Code   RO          569    i.HAL_RCC_ClockConfig  stm32f4xx_hal_rcc.o
    0x0800165c   0x0800165c   0x00000020   Code   RO          576    i.HAL_RCC_GetPCLK1Freq  stm32f4xx_hal_rcc.o
    0x0800167c   0x0800167c   0x00000020   Code   RO          577    i.HAL_RCC_GetPCLK2Freq  stm32f4xx_hal_rcc.o
    0x0800169c   0x0800169c   0x00000064   Code   RO          578    i.HAL_RCC_GetSysClockFreq  stm32f4xx_hal_rcc.o
    0x08001700   0x08001700   0x0000036c   Code   RO          581    i.HAL_RCC_OscConfig  stm32f4xx_hal_rcc.o
    0x08001a6c   0x08001a6c   0x00000028   Code   RO         1374    i.HAL_SYSTICK_Config  stm32f4xx_hal_cortex.o
    0x08001a94   0x08001a94   0x0000007c   Code   RO         2491    i.HAL_TIMEx_MasterConfigSynchronization  stm32f4xx_hal_tim_ex.o
    0x08001b10   0x08001b10   0x00000002   Code   RO         1798    i.HAL_TIM_ErrorCallback  stm32f4xx_hal_tim.o
    0x08001b12   0x08001b12   0x00000002   PAD
    0x08001b14   0x08001b14   0x00000050   Code   RO          526    i.HAL_TIM_MspPostInit  stm32f4xx_hal_msp.o
    0x08001b64   0x08001b64   0x000000cc   Code   RO         1840    i.HAL_TIM_PWM_ConfigChannel  stm32f4xx_hal_tim.o
    0x08001c30   0x08001c30   0x0000005a   Code   RO         1843    i.HAL_TIM_PWM_Init  stm32f4xx_hal_tim.o
    0x08001c8a   0x08001c8a   0x00000002   PAD
    0x08001c8c   0x08001c8c   0x000000a4   Code   RO          528    i.HAL_TIM_PWM_MspInit  stm32f4xx_hal_msp.o
    0x08001d30   0x08001d30   0x00000002   Code   RO          446    i.HardFault_Handler  stm32f4xx_it.o
    0x08001d32   0x08001d32   0x00000002   PAD
    0x08001d34   0x08001d34   0x0000007c   Code   RO          201    i.MX_TIM2_Init      main.o
    0x08001db0   0x08001db0   0x00000002   Code   RO          447    i.MemManage_Handler  stm32f4xx_it.o
    0x08001db2   0x08001db2   0x00000002   Code   RO          448    i.NMI_Handler       stm32f4xx_it.o
    0x08001db4   0x08001db4   0x000000b4   Code   RO          202    i.StartDefaultTask  main.o
    0x08001e68   0x08001e68   0x000000b4   Code   RO          203    i.StartTask02       main.o
    0x08001f1c   0x08001f1c   0x00000018   Code   RO          449    i.SysTick_Handler   stm32f4xx_it.o
    0x08001f34   0x08001f34   0x00000094   Code   RO          204    i.SystemClock_Config  main.o
    0x08001fc8   0x08001fc8   0x00000010   Code   RO         2740    i.SystemInit        system_stm32f4xx.o
    0x08001fd8   0x08001fd8   0x000000a4   Code   RO         1861    i.TIM_Base_SetConfig  stm32f4xx_hal_tim.o
    0x0800207c   0x0800207c   0x0000001a   Code   RO         1862    i.TIM_CCxChannelCmd  stm32f4xx_hal_tim.o
    0x08002096   0x08002096   0x00000054   Code   RO         1867    i.TIM_DMAError      stm32f4xx_hal_tim.o
    0x080020ea   0x080020ea   0x00000002   PAD
    0x080020ec   0x080020ec   0x00000050   Code   RO         1874    i.TIM_OC1_SetConfig  stm32f4xx_hal_tim.o
    0x0800213c   0x0800213c   0x00000058   Code   RO         1875    i.TIM_OC2_SetConfig  stm32f4xx_hal_tim.o
    0x08002194   0x08002194   0x00000058   Code   RO         1876    i.TIM_OC3_SetConfig  stm32f4xx_hal_tim.o
    0x080021ec   0x080021ec   0x00000044   Code   RO         1877    i.TIM_OC4_SetConfig  stm32f4xx_hal_tim.o
    0x08002230   0x08002230   0x00000002   Code   RO          450    i.UsageFault_Handler  stm32f4xx_it.o
    0x08002232   0x08002232   0x00000020   Code   RO         1376    i.__NVIC_SetPriority  stm32f4xx_hal_cortex.o
    0x08002252   0x08002252   0x00000002   PAD
    0x08002254   0x08002254   0x000000b0   Code   RO          205    i.main              main.o
    0x08002304   0x08002304   0x0000000c   Code   RO         3566    i.makeFreeRtosPriority  cmsis_os.o
    0x08002310   0x08002310   0x0000000e   Code   RO         3568    i.osDelay           cmsis_os.o
    0x0800231e   0x0800231e   0x0000000a   Code   RO         3571    i.osKernelStart     cmsis_os.o
    0x08002328   0x08002328   0x00000054   Code   RO         3605    i.osThreadCreate    cmsis_os.o
    0x0800237c   0x0800237c   0x00000070   Code   RO         3245    i.prvAddCurrentTaskToDelayedList  tasks.o
    0x080023ec   0x080023ec   0x000000d0   Code   RO         3246    i.prvAddNewTaskToReadyList  tasks.o
    0x080024bc   0x080024bc   0x00000034   Code   RO         3247    i.prvDeleteTCB      tasks.o
    0x080024f0   0x080024f0   0x0000004c   Code   RO         3936    i.prvHeapInit       heap_4.o
    0x0800253c   0x0800253c   0x00000060   Code   RO         3248    i.prvIdleTask       tasks.o
    0x0800259c   0x0800259c   0x00000098   Code   RO         3249    i.prvInitialiseNewTask  tasks.o
    0x08002634   0x08002634   0x0000004c   Code   RO         3937    i.prvInsertBlockIntoFreeList  heap_4.o
    0x08002680   0x08002680   0x00000020   Code   RO         3250    i.prvResetNextTaskUnblockTime  tasks.o
    0x080026a0   0x080026a0   0x00000028   Code   RO         4004    i.prvTaskExitError  port.o
    0x080026c8   0x080026c8   0x000000dc   Code   RO         3938    i.pvPortMalloc      heap_4.o
    0x080027a4   0x080027a4   0x0000002c   Code   RO         4005    i.pxPortInitialiseStack  port.o
    0x080027d0   0x080027d0   0x00000026   Code   RO         2881    i.uxListRemove      list.o
    0x080027f6   0x080027f6   0x00000002   PAD
    0x080027f8   0x080027f8   0x00000014   Code   RO          301    i.vApplicationGetIdleTaskMemory  freertos.o
    0x0800280c   0x0800280c   0x00000016   Code   RO         2882    i.vListInitialise   list.o
    0x08002822   0x08002822   0x00000006   Code   RO         2883    i.vListInitialiseItem  list.o
    0x08002828   0x08002828   0x00000030   Code   RO         2884    i.vListInsert       list.o
    0x08002858   0x08002858   0x00000018   Code   RO         2885    i.vListInsertEnd    list.o
    0x08002870   0x08002870   0x00000040   Code   RO         4007    i.vPortEnterCritical  port.o
    0x080028b0   0x080028b0   0x00000028   Code   RO         4008    i.vPortExitCritical  port.o
    0x080028d8   0x080028d8   0x00000064   Code   RO         3939    i.vPortFree         heap_4.o
    0x0800293c   0x0800293c   0x00000024   Code   RO         4009    i.vPortSetupTimerInterrupt  port.o
    0x08002960   0x08002960   0x0000004c   Code   RO         3259    i.vTaskDelay        tasks.o
    0x080029ac   0x080029ac   0x0000006c   Code   RO         3272    i.vTaskStartScheduler  tasks.o
    0x08002a18   0x08002a18   0x00000010   Code   RO         3274    i.vTaskSuspendAll   tasks.o
    0x08002a28   0x08002a28   0x0000005c   Code   RO         3275    i.vTaskSwitchContext  tasks.o
    0x08002a84   0x08002a84   0x000000f4   Code   RO         4011    i.xPortStartScheduler  port.o
    0x08002b78   0x08002b78   0x0000002c   Code   RO         4012    i.xPortSysTickHandler  port.o
    0x08002ba4   0x08002ba4   0x0000005a   Code   RO         3278    i.xTaskCreate       tasks.o
    0x08002bfe   0x08002bfe   0x00000056   Code   RO         3279    i.xTaskCreateStatic  tasks.o
    0x08002c54   0x08002c54   0x0000001c   Code   RO         3283    i.xTaskGetSchedulerState  tasks.o
    0x08002c70   0x08002c70   0x000000cc   Code   RO         3286    i.xTaskIncrementTick  tasks.o
    0x08002d3c   0x08002d3c   0x000000c4   Code   RO         3292    i.xTaskResumeAll    tasks.o
    0x08002e00   0x08002e00   0x0000005a   Code   RO         4152    x$fpl$dfixu         fz_wm.l(dfixu.o)
    0x08002e5a   0x08002e5a   0x00000026   Code   RO         4156    x$fpl$dfltu         fz_wm.l(dflt_clz.o)
    0x08002e80   0x08002e80   0x00000154   Code   RO         4162    x$fpl$dmul          fz_wm.l(dmul.o)
    0x08002fd4   0x08002fd4   0x0000009c   Code   RO         4251    x$fpl$dnaninf       fz_wm.l(dnaninf.o)
    0x08003070   0x08003070   0x0000000c   Code   RO         4253    x$fpl$dretinf       fz_wm.l(dretinf.o)
    0x0800307c   0x0800307c   0x0000000a   Code   RO         4295    x$fpl$fpinit        fz_wm.l(fpinit.o)
    0x08003086   0x08003086   0x00000000   Code   RO         4255    x$fpl$usenofp       fz_wm.l(usenofp.o)
    0x08003086   0x08003086   0x00000002   PAD
    0x08003088   0x08003088   0x00000038   Data   RO          207    .constdata          main.o
    0x080030c0   0x080030c0   0x00000008   Data   RO         1066    .constdata          stm32f4xx_hal_dma.o
    0x080030c8   0x080030c8   0x00000010   Data   RO         2741    .constdata          system_stm32f4xx.o
    0x080030d8   0x080030d8   0x00000008   Data   RO         2742    .constdata          system_stm32f4xx.o
    0x080030e0   0x080030e0   0x00000018   Data   RO          208    .conststring        main.o
    0x080030f8   0x080030f8   0x00000020   Data   RO         4386    Region$$Table       anon$$obj.o


    Execution Region RW_IRAM1 (Exec base: 0x20000000, Load base: 0x08003118, Size: 0x00005678, Max: 0x00010000, ABSOLUTE)

    Exec Addr    Load Addr    Size         Type   Attr      Idx    E Section Name        Object

    0x20000000   0x08003118   0x00000008   Data   RW          209    .data               main.o
    0x20000008   0x08003120   0x0000000c   Data   RW         1535    .data               stm32f4xx_hal.o
    0x20000014   0x0800312c   0x00000004   Data   RW         2743    .data               system_stm32f4xx.o
    0x20000018   0x08003130   0x0000003c   Data   RW         3295    .data               tasks.o
    0x20000054   0x0800316c   0x00000020   Data   RW         3945    .data               heap_4.o
    0x20000074   0x0800318c   0x0000000c   Data   RW         4013    .data               port.o
    0x20000080        -       0x00000150   Zero   RW          206    .bss                main.o
    0x200001d0        -       0x00000254   Zero   RW          302    .bss                freertos.o
    0x20000424        -       0x000000f0   Zero   RW         3294    .bss                tasks.o
    0x20000514        -       0x00003c00   Zero   RW         3944    .bss                heap_4.o
    0x20004114        -       0x00000060   Zero   RW         4259    .bss                c_w.l(libspace.o)
    0x20004174   0x08003198   0x00000004   PAD
    0x20004178        -       0x00000500   Zero   RW            2    HEAP                startup_stm32f401xc.o
    0x20004678        -       0x00001000   Zero   RW            1    STACK               startup_stm32f401xc.o


==============================================================================

Image component sizes


      Code (inc. data)   RO Data    RW Data    ZI Data      Debug   Object Name

      1670         60          0          0          0     408651   argb.o
       120          0          0          0          0      25825   cmsis_os.o
         0          0          0          0          0      19412   event_groups.o
        20          4          0          0        596     421308   freertos.o
       472         24          0         32      15360       7483   heap_4.o
       138          0          0          0          0       3606   list.o
       812         50         80          8        336      34105   main.o
       702         72          0         12          0      11108   port.o
        64         26        404          0       5376        852   startup_stm32f401xc.o
       180         28          0         12          0       9345   stm32f4xx_hal.o
       198         14          0          0          0      33879   stm32f4xx_hal_cortex.o
       938         16          8          0          0       6542   stm32f4xx_hal_dma.o
       480         34          0          0          0       1532   stm32f4xx_hal_gpio.o
       300         30          0          0          0       2435   stm32f4xx_hal_msp.o
      1348         76          0          0          0       5300   stm32f4xx_hal_rcc.o
       894         48          0          0          0       8749   stm32f4xx_hal_tim.o
       124         20          0          0          0       1396   stm32f4xx_hal_tim_ex.o
        60         12          0          0          0       4375   stm32f4xx_it.o
         0          0          0          0          0        392   stream_buffer.o
        16          4         24          4          0       1159   system_stm32f4xx.o
      1548        118          0         60        240      20311   tasks.o
         0          0          0          0          0       2500   timers.o

    ----------------------------------------------------------------------
     10108        636        548        128      21908    1030265   Object Totals
         0          0         32          0          0          0   (incl. Generated)
        24          0          0          0          0          0   (incl. Padding)

    ----------------------------------------------------------------------

      Code (inc. data)   RO Data    RW Data    ZI Data      Debug   Library Member Name

         8          0          0          0          0         68   __main.o
         0          0          0          0          0          0   __rtentry.o
        12          0          0          0          0          0   __rtentry2.o
         6          0          0          0          0          0   __rtentry4.o
        52          8          0          0          0          0   __scatter.o
        26          0          0          0          0          0   __scatter_copy.o
        28          0          0          0          0          0   __scatter_zi.o
        10          0          0          0          0         68   defsig_exit.o
        50          0          0          0          0         88   defsig_general.o
        80         58          0          0          0         76   defsig_rtmem_inner.o
        14          0          0          0          0         80   defsig_rtmem_outer.o
        18          0          0          0          0         80   exit.o
        94          0          0          0          0         80   h1_alloc.o
        52          0          0          0          0         68   h1_extend.o
        78          0          0          0          0         80   h1_free.o
        14          0          0          0          0         84   h1_init.o
         6          0          0          0          0        152   heapauxi.o
         4          0          0          0          0        136   hguard.o
         0          0          0          0          0          0   indicate_semi.o
       138          0          0          0          0        168   init_alloc.o
         2          0          0          0          0          0   libinit.o
        14          0          0          0          0          0   libinit2.o
         2          0          0          0          0          0   libshutdown.o
         2          0          0          0          0          0   libshutdown2.o
         8          4          0          0         96         68   libspace.o
       238          0          0          0          0        100   lludivv7m.o
         0          0          0          0          0          0   maybetermalloc1.o
         8          4          0          0          0         68   rt_heap_descriptor_intlibspace.o
        78          0          0          0          0         80   rt_memclr_w.o
       100          0          0          0          0         80   rt_memcpy_w.o
         2          0          0          0          0          0   rtexit.o
        10          0          0          0          0          0   rtexit2.o
        12          4          0          0          0         68   sys_exit.o
        74          0          0          0          0         80   sys_stackheap_outer.o
        14          0          0          0          0         76   sys_wrch.o
         2          0          0          0          0         68   use_no_semi.o
        90          4          0          0          0        140   dfixu.o
        38          0          0          0          0        116   dflt_clz.o
       340         12          0          0          0        152   dmul.o
       156          4          0          0          0        140   dnaninf.o
        12          0          0          0          0        116   dretinf.o
        10          0          0          0          0        116   fpinit.o
         0          0          0          0          0          0   usenofp.o

    ----------------------------------------------------------------------
      1912         98          0          0        100       2696   Library Totals
        10          0          0          0          4          0   (incl. Padding)

    ----------------------------------------------------------------------

      Code (inc. data)   RO Data    RW Data    ZI Data      Debug   Library Name

      1256         78          0          0         96       1916   c_w.l
       646         20          0          0          0        780   fz_wm.l

    ----------------------------------------------------------------------
      1912         98          0          0        100       2696   Library Totals

    ----------------------------------------------------------------------

==============================================================================


      Code (inc. data)   RO Data    RW Data    ZI Data      Debug   

     12020        734        548        128      22008    1022273   Grand Totals
     12020        734        548        128      22008    1022273   ELF Image Totals
     12020        734        548        128          0          0   ROM Totals

==============================================================================

    Total RO  Size (Code + RO Data)                12568 (  12.27kB)
    Total RW  Size (RW Data + ZI Data)             22136 (  21.62kB)
    Total ROM Size (Code + RO Data + RW Data)      12696 (  12.40kB)

==============================================================================

